Linux Build	Set up job	ï»¿2026-01-23T02:34:19.8466677Z Current runner version: '2.331.0'
Linux Build	Set up job	2026-01-23T02:34:19.8491963Z ##[group]Runner Image Provisioner
Linux Build	Set up job	2026-01-23T02:34:19.8492755Z Hosted Compute Agent
Linux Build	Set up job	2026-01-23T02:34:19.8493406Z Version: 20260115.477
Linux Build	Set up job	2026-01-23T02:34:19.8494367Z Commit: 4b342d620503cbe250a3154040964899ea7c9b00
Linux Build	Set up job	2026-01-23T02:34:19.8495057Z Build Date: 2026-01-15T22:32:41Z
Linux Build	Set up job	2026-01-23T02:34:19.8495778Z Worker ID: {9ceeea8c-8773-4b0c-9d4a-c84dd6bbb7e5}
Linux Build	Set up job	2026-01-23T02:34:19.8496489Z Azure Region: centralus
Linux Build	Set up job	2026-01-23T02:34:19.8497042Z ##[endgroup]
Linux Build	Set up job	2026-01-23T02:34:19.8498790Z ##[group]Operating System
Linux Build	Set up job	2026-01-23T02:34:19.8499536Z Ubuntu
Linux Build	Set up job	2026-01-23T02:34:19.8500000Z 24.04.3
Linux Build	Set up job	2026-01-23T02:34:19.8500528Z LTS
Linux Build	Set up job	2026-01-23T02:34:19.8501105Z ##[endgroup]
Linux Build	Set up job	2026-01-23T02:34:19.8501616Z ##[group]Runner Image
Linux Build	Set up job	2026-01-23T02:34:19.8502203Z Image: ubuntu-24.04
Linux Build	Set up job	2026-01-23T02:34:19.8502776Z Version: 20260119.4.1
Linux Build	Set up job	2026-01-23T02:34:19.8504058Z Included Software: https://github.com/actions/runner-images/blob/ubuntu24/20260119.4/images/ubuntu/Ubuntu2404-Readme.md
Linux Build	Set up job	2026-01-23T02:34:19.8505834Z Image Release: https://github.com/actions/runner-images/releases/tag/ubuntu24%2F20260119.4
Linux Build	Set up job	2026-01-23T02:34:19.8506764Z ##[endgroup]
Linux Build	Set up job	2026-01-23T02:34:19.8507826Z ##[group]GITHUB_TOKEN Permissions
Linux Build	Set up job	2026-01-23T02:34:19.8509891Z Contents: read
Linux Build	Set up job	2026-01-23T02:34:19.8510477Z Metadata: read
Linux Build	Set up job	2026-01-23T02:34:19.8511056Z Packages: read
Linux Build	Set up job	2026-01-23T02:34:19.8511632Z ##[endgroup]
Linux Build	Set up job	2026-01-23T02:34:19.8513670Z Secret source: Actions
Linux Build	Set up job	2026-01-23T02:34:19.8515066Z Prepare workflow directory
Linux Build	Set up job	2026-01-23T02:34:19.8911962Z Prepare all required actions
Linux Build	Set up job	2026-01-23T02:34:19.8949632Z Getting action download info
Linux Build	Set up job	2026-01-23T02:34:20.2464948Z Download action repository 'actions/checkout@v4' (SHA:34e114876b0b11c390a56381ad16ebd13914f8d5)
Linux Build	Set up job	2026-01-23T02:34:20.3694448Z Download action repository 'subosito/flutter-action@v2' (SHA:fd55f4c5af5b953cc57a2be44cb082c8f6635e8e)
Linux Build	Set up job	2026-01-23T02:34:20.7125683Z Download action repository 'actions/cache@v4' (SHA:0057852bfaa89a56745cba8c7296529d2fc39830)
Linux Build	Set up job	2026-01-23T02:34:20.9109204Z Getting action download info
Linux Build	Set up job	2026-01-23T02:34:21.0749308Z Complete job name: Linux Build
Linux Build	Run actions/checkout@v4	ï»¿2026-01-23T02:34:21.1424080Z ##[group]Run actions/checkout@v4
Linux Build	Run actions/checkout@v4	2026-01-23T02:34:21.1424993Z with:
Linux Build	Run actions/checkout@v4	2026-01-23T02:34:21.1425443Z   repository: whisperrnote/note_app
Linux Build	Run actions/checkout@v4	2026-01-23T02:34:21.1426117Z   token: ***
Linux Build	Run actions/checkout@v4	2026-01-23T02:34:21.1426503Z   ssh-strict: true
Linux Build	Run actions/checkout@v4	2026-01-23T02:34:21.1426893Z   ssh-user: git
Linux Build	Run actions/checkout@v4	2026-01-23T02:34:21.1427288Z   persist-credentials: true
Linux Build	Run actions/checkout@v4	2026-01-23T02:34:21.1427730Z   clean: true
Linux Build	Run actions/checkout@v4	2026-01-23T02:34:21.1428127Z   sparse-checkout-cone-mode: true
Linux Build	Run actions/checkout@v4	2026-01-23T02:34:21.1428643Z   fetch-depth: 1
Linux Build	Run actions/checkout@v4	2026-01-23T02:34:21.1429034Z   fetch-tags: false
Linux Build	Run actions/checkout@v4	2026-01-23T02:34:21.1429421Z   show-progress: true
Linux Build	Run actions/checkout@v4	2026-01-23T02:34:21.1429843Z   lfs: false
Linux Build	Run actions/checkout@v4	2026-01-23T02:34:21.1430206Z   submodules: false
Linux Build	Run actions/checkout@v4	2026-01-23T02:34:21.1430612Z   set-safe-directory: true
Linux Build	Run actions/checkout@v4	2026-01-23T02:34:21.1431258Z env:
Linux Build	Run actions/checkout@v4	2026-01-23T02:34:21.1431638Z   FLUTTER_VERSION: 3.38.7
Linux Build	Run actions/checkout@v4	2026-01-23T02:34:21.1432073Z ##[endgroup]
Linux Build	Run actions/checkout@v4	2026-01-23T02:34:21.2493427Z Syncing repository: whisperrnote/note_app
Linux Build	Run actions/checkout@v4	2026-01-23T02:34:21.2495471Z ##[group]Getting Git version info
Linux Build	Run actions/checkout@v4	2026-01-23T02:34:21.2496189Z Working directory is '/home/runner/work/note_app/note_app'
Linux Build	Run actions/checkout@v4	2026-01-23T02:34:21.2497187Z [command]/usr/bin/git version
Linux Build	Run actions/checkout@v4	2026-01-23T02:34:21.2566963Z git version 2.52.0
Linux Build	Run actions/checkout@v4	2026-01-23T02:34:21.2592767Z ##[endgroup]
Linux Build	Run actions/checkout@v4	2026-01-23T02:34:21.2606842Z Temporarily overriding HOME='/home/runner/work/_temp/2c485f24-2964-48ae-a43e-72d0ea05f47f' before making global git config changes
Linux Build	Run actions/checkout@v4	2026-01-23T02:34:21.2609002Z Adding repository directory to the temporary git global config as a safe directory
Linux Build	Run actions/checkout@v4	2026-01-23T02:34:21.2619740Z [command]/usr/bin/git config --global --add safe.directory /home/runner/work/note_app/note_app
Linux Build	Run actions/checkout@v4	2026-01-23T02:34:21.2658963Z Deleting the contents of '/home/runner/work/note_app/note_app'
Linux Build	Run actions/checkout@v4	2026-01-23T02:34:21.2662974Z ##[group]Initializing the repository
Linux Build	Run actions/checkout@v4	2026-01-23T02:34:21.2667189Z [command]/usr/bin/git init /home/runner/work/note_app/note_app
Linux Build	Run actions/checkout@v4	2026-01-23T02:34:21.2777693Z hint: Using 'master' as the name for the initial branch. This default branch name
Linux Build	Run actions/checkout@v4	2026-01-23T02:34:21.2779733Z hint: will change to "main" in Git 3.0. To configure the initial branch name
Linux Build	Run actions/checkout@v4	2026-01-23T02:34:21.2780996Z hint: to use in all of your new repositories, which will suppress this warning,
Linux Build	Run actions/checkout@v4	2026-01-23T02:34:21.2782411Z hint: call:
Linux Build	Run actions/checkout@v4	2026-01-23T02:34:21.2782824Z hint:
Linux Build	Run actions/checkout@v4	2026-01-23T02:34:21.2783333Z hint: 	git config --global init.defaultBranch <name>
Linux Build	Run actions/checkout@v4	2026-01-23T02:34:21.2784130Z hint:
Linux Build	Run actions/checkout@v4	2026-01-23T02:34:21.2784714Z hint: Names commonly chosen instead of 'master' are 'main', 'trunk' and
Linux Build	Run actions/checkout@v4	2026-01-23T02:34:21.2785740Z hint: 'development'. The just-created branch can be renamed via this command:
Linux Build	Run actions/checkout@v4	2026-01-23T02:34:21.2786520Z hint:
Linux Build	Run actions/checkout@v4	2026-01-23T02:34:21.2786947Z hint: 	git branch -m <name>
Linux Build	Run actions/checkout@v4	2026-01-23T02:34:21.2787674Z hint:
Linux Build	Run actions/checkout@v4	2026-01-23T02:34:21.2788644Z hint: Disable this message with "git config set advice.defaultBranchName false"
Linux Build	Run actions/checkout@v4	2026-01-23T02:34:21.2790210Z Initialized empty Git repository in /home/runner/work/note_app/note_app/.git/
Linux Build	Run actions/checkout@v4	2026-01-23T02:34:21.2793475Z [command]/usr/bin/git remote add origin https://github.com/whisperrnote/note_app
Linux Build	Run actions/checkout@v4	2026-01-23T02:34:21.2827206Z ##[endgroup]
Linux Build	Run actions/checkout@v4	2026-01-23T02:34:21.2827937Z ##[group]Disabling automatic garbage collection
Linux Build	Run actions/checkout@v4	2026-01-23T02:34:21.2831116Z [command]/usr/bin/git config --local gc.auto 0
Linux Build	Run actions/checkout@v4	2026-01-23T02:34:21.2859074Z ##[endgroup]
Linux Build	Run actions/checkout@v4	2026-01-23T02:34:21.2859746Z ##[group]Setting up auth
Linux Build	Run actions/checkout@v4	2026-01-23T02:34:21.2865944Z [command]/usr/bin/git config --local --name-only --get-regexp core\.sshCommand
Linux Build	Run actions/checkout@v4	2026-01-23T02:34:21.2895719Z [command]/usr/bin/git submodule foreach --recursive sh -c "git config --local --name-only --get-regexp 'core\.sshCommand' && git config --local --unset-all 'core.sshCommand' || :"
Linux Build	Run actions/checkout@v4	2026-01-23T02:34:21.3222539Z [command]/usr/bin/git config --local --name-only --get-regexp http\.https\:\/\/github\.com\/\.extraheader
Linux Build	Run actions/checkout@v4	2026-01-23T02:34:21.3250881Z [command]/usr/bin/git submodule foreach --recursive sh -c "git config --local --name-only --get-regexp 'http\.https\:\/\/github\.com\/\.extraheader' && git config --local --unset-all 'http.https://github.com/.extraheader' || :"
Linux Build	Run actions/checkout@v4	2026-01-23T02:34:21.3466474Z [command]/usr/bin/git config --local --name-only --get-regexp ^includeIf\.gitdir:
Linux Build	Run actions/checkout@v4	2026-01-23T02:34:21.3495082Z [command]/usr/bin/git submodule foreach --recursive git config --local --show-origin --name-only --get-regexp remote.origin.url
Linux Build	Run actions/checkout@v4	2026-01-23T02:34:21.3716713Z [command]/usr/bin/git config --local http.https://github.com/.extraheader AUTHORIZATION: basic ***
Linux Build	Run actions/checkout@v4	2026-01-23T02:34:21.3749392Z ##[endgroup]
Linux Build	Run actions/checkout@v4	2026-01-23T02:34:21.3750200Z ##[group]Fetching the repository
Linux Build	Run actions/checkout@v4	2026-01-23T02:34:21.3757855Z [command]/usr/bin/git -c protocol.version=2 fetch --no-tags --prune --no-recurse-submodules --depth=1 origin +7a6891715ff408e008b06ea928271808c2a96555:refs/remotes/origin/master
Linux Build	Run actions/checkout@v4	2026-01-23T02:34:21.7639175Z From https://github.com/whisperrnote/note_app
Linux Build	Run actions/checkout@v4	2026-01-23T02:34:21.7640562Z  * [new ref]         7a6891715ff408e008b06ea928271808c2a96555 -> origin/master
Linux Build	Run actions/checkout@v4	2026-01-23T02:34:21.7670960Z ##[endgroup]
Linux Build	Run actions/checkout@v4	2026-01-23T02:34:21.7672084Z ##[group]Determining the checkout info
Linux Build	Run actions/checkout@v4	2026-01-23T02:34:21.7673415Z ##[endgroup]
Linux Build	Run actions/checkout@v4	2026-01-23T02:34:21.7678165Z [command]/usr/bin/git sparse-checkout disable
Linux Build	Run actions/checkout@v4	2026-01-23T02:34:21.7720404Z [command]/usr/bin/git config --local --unset-all extensions.worktreeConfig
Linux Build	Run actions/checkout@v4	2026-01-23T02:34:21.7746260Z ##[group]Checking out the ref
Linux Build	Run actions/checkout@v4	2026-01-23T02:34:21.7750428Z [command]/usr/bin/git checkout --progress --force -B master refs/remotes/origin/master
Linux Build	Run actions/checkout@v4	2026-01-23T02:34:21.7888946Z Reset branch 'master'
Linux Build	Run actions/checkout@v4	2026-01-23T02:34:21.7891066Z branch 'master' set up to track 'origin/master'.
Linux Build	Run actions/checkout@v4	2026-01-23T02:34:21.7899780Z ##[endgroup]
Linux Build	Run actions/checkout@v4	2026-01-23T02:34:21.7934772Z [command]/usr/bin/git log -1 --format=%H
Linux Build	Run actions/checkout@v4	2026-01-23T02:34:21.7956306Z 7a6891715ff408e008b06ea928271808c2a96555
Linux Build	Run subosito/flutter-action@v2	ï»¿2026-01-23T02:34:21.8560586Z ##[group]Run subosito/flutter-action@v2
Linux Build	Run subosito/flutter-action@v2	2026-01-23T02:34:21.8561727Z with:
Linux Build	Run subosito/flutter-action@v2	2026-01-23T02:34:21.8562436Z   flutter-version: 3.38.7
Linux Build	Run subosito/flutter-action@v2	2026-01-23T02:34:21.8563275Z   cache: true
Linux Build	Run subosito/flutter-action@v2	2026-01-23T02:34:21.8564139Z   channel: stable
Linux Build	Run subosito/flutter-action@v2	2026-01-23T02:34:21.8565127Z   architecture: X64
Linux Build	Run subosito/flutter-action@v2	2026-01-23T02:34:21.8565935Z   pub-cache-path: default
Linux Build	Run subosito/flutter-action@v2	2026-01-23T02:34:21.8566785Z   dry-run: false
Linux Build	Run subosito/flutter-action@v2	2026-01-23T02:34:21.8567720Z   git-source: https://github.com/flutter/flutter.git
Linux Build	Run subosito/flutter-action@v2	2026-01-23T02:34:21.8568832Z env:
Linux Build	Run subosito/flutter-action@v2	2026-01-23T02:34:21.8569512Z   FLUTTER_VERSION: 3.38.7
Linux Build	Run subosito/flutter-action@v2	2026-01-23T02:34:21.8570350Z ##[endgroup]
Linux Build	Run subosito/flutter-action@v2	2026-01-23T02:34:21.8701943Z ##[group]Run chmod +x "$GITHUB_ACTION_PATH/setup.sh"
Linux Build	Run subosito/flutter-action@v2	2026-01-23T02:34:21.8703407Z [36;1mchmod +x "$GITHUB_ACTION_PATH/setup.sh"[0m
Linux Build	Run subosito/flutter-action@v2	2026-01-23T02:34:21.8740852Z shell: /usr/bin/bash --noprofile --norc -e -o pipefail {0}
Linux Build	Run subosito/flutter-action@v2	2026-01-23T02:34:21.8742196Z env:
Linux Build	Run subosito/flutter-action@v2	2026-01-23T02:34:21.8742974Z   FLUTTER_VERSION: 3.38.7
Linux Build	Run subosito/flutter-action@v2	2026-01-23T02:34:21.8744130Z ##[endgroup]
Linux Build	Run subosito/flutter-action@v2	2026-01-23T02:34:21.8969249Z ##[group]Run $GITHUB_ACTION_PATH/setup.sh -p \
Linux Build	Run subosito/flutter-action@v2	2026-01-23T02:34:21.8970485Z [36;1m$GITHUB_ACTION_PATH/setup.sh -p \[0m
Linux Build	Run subosito/flutter-action@v2	2026-01-23T02:34:21.8971465Z [36;1m  -n '3.38.7' \[0m
Linux Build	Run subosito/flutter-action@v2	2026-01-23T02:34:21.8972230Z [36;1m  -f '' \[0m
Linux Build	Run subosito/flutter-action@v2	2026-01-23T02:34:21.8972940Z [36;1m  -a 'X64' \[0m
Linux Build	Run subosito/flutter-action@v2	2026-01-23T02:34:21.8973679Z [36;1m  -k '' \[0m
Linux Build	Run subosito/flutter-action@v2	2026-01-23T02:34:21.8974522Z [36;1m  -c '' \[0m
Linux Build	Run subosito/flutter-action@v2	2026-01-23T02:34:21.8975237Z [36;1m  -l '' \[0m
Linux Build	Run subosito/flutter-action@v2	2026-01-23T02:34:21.8975967Z [36;1m  -d 'default' \[0m
Linux Build	Run subosito/flutter-action@v2	2026-01-23T02:34:21.8976986Z [36;1m  -g 'https://github.com/flutter/flutter.git' \[0m
Linux Build	Run subosito/flutter-action@v2	2026-01-23T02:34:21.8978103Z [36;1m  stable[0m
Linux Build	Run subosito/flutter-action@v2	2026-01-23T02:34:21.9009177Z shell: /usr/bin/bash --noprofile --norc -e -o pipefail {0}
Linux Build	Run subosito/flutter-action@v2	2026-01-23T02:34:21.9010369Z env:
Linux Build	Run subosito/flutter-action@v2	2026-01-23T02:34:21.9011050Z   FLUTTER_VERSION: 3.38.7
Linux Build	Run subosito/flutter-action@v2	2026-01-23T02:34:21.9011910Z ##[endgroup]
Linux Build	Run subosito/flutter-action@v2	2026-01-23T02:34:22.1712062Z ##[group]Run actions/cache@v4
Linux Build	Run subosito/flutter-action@v2	2026-01-23T02:34:22.1712930Z with:
Linux Build	Run subosito/flutter-action@v2	2026-01-23T02:34:22.1713901Z   path: /opt/hostedtoolcache/flutter/stable-3.38.7-x64
Linux Build	Run subosito/flutter-action@v2	2026-01-23T02:34:22.1715501Z   key: flutter-linux-stable-3.38.7-x64-3b62efc2a3da49882f43c372e0bc53daef7295a6
Linux Build	Run subosito/flutter-action@v2	2026-01-23T02:34:22.1716994Z   enableCrossOsArchive: false
Linux Build	Run subosito/flutter-action@v2	2026-01-23T02:34:22.1717825Z   fail-on-cache-miss: false
Linux Build	Run subosito/flutter-action@v2	2026-01-23T02:34:22.1718606Z   lookup-only: false
Linux Build	Run subosito/flutter-action@v2	2026-01-23T02:34:22.1719319Z   save-always: false
Linux Build	Run subosito/flutter-action@v2	2026-01-23T02:34:22.1719986Z env:
Linux Build	Run subosito/flutter-action@v2	2026-01-23T02:34:22.1720576Z   FLUTTER_VERSION: 3.38.7
Linux Build	Run subosito/flutter-action@v2	2026-01-23T02:34:22.1721306Z ##[endgroup]
Linux Build	Run subosito/flutter-action@v2	2026-01-23T02:34:22.4610253Z Cache not found for input keys: flutter-linux-stable-3.38.7-x64-3b62efc2a3da49882f43c372e0bc53daef7295a6
Linux Build	Run subosito/flutter-action@v2	2026-01-23T02:34:22.5626158Z ##[group]Run actions/cache@v4
Linux Build	Run subosito/flutter-action@v2	2026-01-23T02:34:22.5626931Z with:
Linux Build	Run subosito/flutter-action@v2	2026-01-23T02:34:22.5627524Z   path: /home/runner/.pub-cache
Linux Build	Run subosito/flutter-action@v2	2026-01-23T02:34:22.5629687Z   key: flutter-pub-linux-stable-3.38.7-x64-3b62efc2a3da49882f43c372e0bc53daef7295a6-18a10dfdc4d9b9bc450f289f6c34bc53dabbeee3b2953e3eedc23f4379131734
Linux Build	Run subosito/flutter-action@v2	2026-01-23T02:34:22.5631930Z   enableCrossOsArchive: false
Linux Build	Run subosito/flutter-action@v2	2026-01-23T02:34:22.5632705Z   fail-on-cache-miss: false
Linux Build	Run subosito/flutter-action@v2	2026-01-23T02:34:22.5633467Z   lookup-only: false
Linux Build	Run subosito/flutter-action@v2	2026-01-23T02:34:22.5634319Z   save-always: false
Linux Build	Run subosito/flutter-action@v2	2026-01-23T02:34:22.5634950Z env:
Linux Build	Run subosito/flutter-action@v2	2026-01-23T02:34:22.5635509Z   FLUTTER_VERSION: 3.38.7
Linux Build	Run subosito/flutter-action@v2	2026-01-23T02:34:22.5636192Z ##[endgroup]
Linux Build	Run subosito/flutter-action@v2	2026-01-23T02:34:22.8272231Z Cache not found for input keys: flutter-pub-linux-stable-3.38.7-x64-3b62efc2a3da49882f43c372e0bc53daef7295a6-18a10dfdc4d9b9bc450f289f6c34bc53dabbeee3b2953e3eedc23f4379131734
Linux Build	Run subosito/flutter-action@v2	2026-01-23T02:34:22.8365452Z ##[group]Run $GITHUB_ACTION_PATH/setup.sh \
Linux Build	Run subosito/flutter-action@v2	2026-01-23T02:34:22.8366035Z [36;1m$GITHUB_ACTION_PATH/setup.sh \[0m
Linux Build	Run subosito/flutter-action@v2	2026-01-23T02:34:22.8366535Z [36;1m  -n '3.38.7' \[0m
Linux Build	Run subosito/flutter-action@v2	2026-01-23T02:34:22.8366958Z [36;1m  -a 'x64' \[0m
Linux Build	Run subosito/flutter-action@v2	2026-01-23T02:34:22.8367475Z [36;1m  -c '/opt/hostedtoolcache/flutter/stable-3.38.7-x64' \[0m
Linux Build	Run subosito/flutter-action@v2	2026-01-23T02:34:22.8368054Z [36;1m  -d '/home/runner/.pub-cache' \[0m
Linux Build	Run subosito/flutter-action@v2	2026-01-23T02:34:22.8368531Z [36;1m  stable[0m
Linux Build	Run subosito/flutter-action@v2	2026-01-23T02:34:22.8403057Z shell: /usr/bin/bash --noprofile --norc -e -o pipefail {0}
Linux Build	Run subosito/flutter-action@v2	2026-01-23T02:34:22.8403610Z env:
Linux Build	Run subosito/flutter-action@v2	2026-01-23T02:34:22.8404413Z   FLUTTER_VERSION: 3.38.7
Linux Build	Run subosito/flutter-action@v2	2026-01-23T02:34:22.8404796Z ##[endgroup]
Linux Build	Run subosito/flutter-action@v2	2026-01-23T02:34:23.1103032Z   % Total    % Received % Xferd  Average Speed   Time    Time     Time  Current
Linux Build	Run subosito/flutter-action@v2	2026-01-23T02:34:23.1104214Z                                  Dload  Upload   Total   Spent    Left  Speed
Linux Build	Run subosito/flutter-action@v2	2026-01-23T02:34:23.1105002Z 
Linux Build	Run subosito/flutter-action@v2	2026-01-23T02:34:23.9388373Z   0     0    0     0    0     0      0      0 --:--:-- --:--:-- --:--:--     0
Linux Build	Run subosito/flutter-action@v2	2026-01-23T02:34:24.9426730Z   7 1398M    7 98.6M    0     0   119M      0  0:00:11 --:--:--  0:00:11  118M
Linux Build	Run subosito/flutter-action@v2	2026-01-23T02:34:25.9384950Z  20 1398M   20  286M    0     0   156M      0  0:00:08  0:00:01  0:00:07  156M
Linux Build	Run subosito/flutter-action@v2	2026-01-23T02:34:26.9385203Z  34 1398M   34  476M    0     0   168M      0  0:00:08  0:00:02  0:00:06  168M
Linux Build	Run subosito/flutter-action@v2	2026-01-23T02:34:27.9385350Z  47 1398M   47  669M    0     0   174M      0  0:00:07  0:00:03  0:00:04  174M
Linux Build	Run subosito/flutter-action@v2	2026-01-23T02:34:28.9386489Z  61 1398M   61  853M    0     0   176M      0  0:00:07  0:00:04  0:00:03  176M
Linux Build	Run subosito/flutter-action@v2	2026-01-23T02:34:29.9385024Z  73 1398M   73 1025M    0     0   175M      0  0:00:07  0:00:05  0:00:02  185M
Linux Build	Run subosito/flutter-action@v2	2026-01-23T02:34:30.9384692Z  86 1398M   86 1205M    0     0   176M      0  0:00:07  0:00:06  0:00:01  184M
Linux Build	Run subosito/flutter-action@v2	2026-01-23T02:34:31.0172209Z  98 1398M   98 1382M    0     0   176M      0  0:00:07  0:00:07 --:--:--  181M
Linux Build	Run subosito/flutter-action@v2	2026-01-23T02:34:31.0173090Z 100 1398M  100 1398M    0     0   176M      0  0:00:07  0:00:07 --:--:--  178M
Linux Build	Cache pub dependencies	ï»¿2026-01-23T02:35:20.2550166Z ##[group]Run actions/cache@v4
Linux Build	Cache pub dependencies	2026-01-23T02:35:20.2550458Z with:
Linux Build	Cache pub dependencies	2026-01-23T02:35:20.2550642Z   path: ~/.pub-cache
Linux Build	Cache pub dependencies	.dart_tool
Linux Build	Cache pub dependencies	
Linux Build	Cache pub dependencies	2026-01-23T02:35:20.2551058Z   key: Linux-pub-18a10dfdc4d9b9bc450f289f6c34bc53dabbeee3b2953e3eedc23f4379131734
Linux Build	Cache pub dependencies	2026-01-23T02:35:20.2551479Z   restore-keys: Linux-pub-
Linux Build	Cache pub dependencies	
Linux Build	Cache pub dependencies	2026-01-23T02:35:20.2551755Z   enableCrossOsArchive: false
Linux Build	Cache pub dependencies	2026-01-23T02:35:20.2551986Z   fail-on-cache-miss: false
Linux Build	Cache pub dependencies	2026-01-23T02:35:20.2552189Z   lookup-only: false
Linux Build	Cache pub dependencies	2026-01-23T02:35:20.2552384Z   save-always: false
Linux Build	Cache pub dependencies	2026-01-23T02:35:20.2552574Z env:
Linux Build	Cache pub dependencies	2026-01-23T02:35:20.2552742Z   FLUTTER_VERSION: 3.38.7
Linux Build	Cache pub dependencies	2026-01-23T02:35:20.2553022Z   FLUTTER_ROOT: /opt/hostedtoolcache/flutter/stable-3.38.7-x64
Linux Build	Cache pub dependencies	2026-01-23T02:35:20.2553356Z   PUB_CACHE: /home/runner/.pub-cache
Linux Build	Cache pub dependencies	2026-01-23T02:35:20.2553594Z ##[endgroup]
Linux Build	Cache pub dependencies	2026-01-23T02:35:20.5298598Z Cache not found for input keys: Linux-pub-18a10dfdc4d9b9bc450f289f6c34bc53dabbeee3b2953e3eedc23f4379131734, Linux-pub-
Linux Build	Run sudo apt-get update -y	ï»¿2026-01-23T02:35:20.5368629Z ##[group]Run sudo apt-get update -y
Linux Build	Run sudo apt-get update -y	2026-01-23T02:35:20.5368964Z [36;1msudo apt-get update -y[0m
Linux Build	Run sudo apt-get update -y	2026-01-23T02:35:20.5369331Z [36;1msudo apt-get install -y ninja-build libgtk-3-dev liblzma-dev libstdc++6[0m
Linux Build	Run sudo apt-get update -y	2026-01-23T02:35:20.5369720Z [36;1mflutter pub get[0m
Linux Build	Run sudo apt-get update -y	2026-01-23T02:35:20.5370000Z [36;1mflutter build linux --release --no-pub[0m
Linux Build	Run sudo apt-get update -y	2026-01-23T02:35:20.5404238Z shell: /usr/bin/bash -e {0}
Linux Build	Run sudo apt-get update -y	2026-01-23T02:35:20.5404488Z env:
Linux Build	Run sudo apt-get update -y	2026-01-23T02:35:20.5404658Z   FLUTTER_VERSION: 3.38.7
Linux Build	Run sudo apt-get update -y	2026-01-23T02:35:20.5404955Z   FLUTTER_ROOT: /opt/hostedtoolcache/flutter/stable-3.38.7-x64
Linux Build	Run sudo apt-get update -y	2026-01-23T02:35:20.5405292Z   PUB_CACHE: /home/runner/.pub-cache
Linux Build	Run sudo apt-get update -y	2026-01-23T02:35:20.5405531Z ##[endgroup]
Linux Build	Run sudo apt-get update -y	2026-01-23T02:35:20.6117361Z Get:1 file:/etc/apt/apt-mirrors.txt Mirrorlist [144 B]
Linux Build	Run sudo apt-get update -y	2026-01-23T02:35:20.6421813Z Hit:2 http://azure.archive.ubuntu.com/ubuntu noble InRelease
Linux Build	Run sudo apt-get update -y	2026-01-23T02:35:20.6436057Z Get:3 http://azure.archive.ubuntu.com/ubuntu noble-updates InRelease [126 kB]
Linux Build	Run sudo apt-get update -y	2026-01-23T02:35:20.6447788Z Hit:6 https://packages.microsoft.com/repos/azure-cli noble InRelease
Linux Build	Run sudo apt-get update -y	2026-01-23T02:35:20.6478406Z Get:4 http://azure.archive.ubuntu.com/ubuntu noble-backports InRelease [126 kB]
Linux Build	Run sudo apt-get update -y	2026-01-23T02:35:20.6505815Z Get:5 http://azure.archive.ubuntu.com/ubuntu noble-security InRelease [126 kB]
Linux Build	Run sudo apt-get update -y	2026-01-23T02:35:20.6518041Z Get:7 https://packages.microsoft.com/ubuntu/24.04/prod noble InRelease [3600 B]
Linux Build	Run sudo apt-get update -y	2026-01-23T02:35:20.8129174Z Get:8 http://azure.archive.ubuntu.com/ubuntu noble-updates/main amd64 Packages [1699 kB]
Linux Build	Run sudo apt-get update -y	2026-01-23T02:35:20.8315788Z Get:9 http://azure.archive.ubuntu.com/ubuntu noble-updates/main Translation-en [314 kB]
Linux Build	Run sudo apt-get update -y	2026-01-23T02:35:20.8336450Z Get:10 http://azure.archive.ubuntu.com/ubuntu noble-updates/main amd64 Components [175 kB]
Linux Build	Run sudo apt-get update -y	2026-01-23T02:35:20.8363638Z Get:11 http://azure.archive.ubuntu.com/ubuntu noble-updates/main amd64 c-n-f Metadata [16.0 kB]
Linux Build	Run sudo apt-get update -y	2026-01-23T02:35:20.8371952Z Get:12 http://azure.archive.ubuntu.com/ubuntu noble-updates/universe amd64 Packages [1519 kB]
Linux Build	Run sudo apt-get update -y	2026-01-23T02:35:20.8519204Z Get:13 http://azure.archive.ubuntu.com/ubuntu noble-updates/universe Translation-en [310 kB]
Linux Build	Run sudo apt-get update -y	2026-01-23T02:35:20.8557558Z Get:14 http://azure.archive.ubuntu.com/ubuntu noble-updates/universe amd64 Components [386 kB]
Linux Build	Run sudo apt-get update -y	2026-01-23T02:35:20.8606290Z Get:15 http://azure.archive.ubuntu.com/ubuntu noble-updates/universe amd64 c-n-f Metadata [31.6 kB]
Linux Build	Run sudo apt-get update -y	2026-01-23T02:35:20.8623074Z Get:16 http://azure.archive.ubuntu.com/ubuntu noble-updates/restricted amd64 Packages [2498 kB]
Linux Build	Run sudo apt-get update -y	2026-01-23T02:35:20.8830338Z Get:17 http://azure.archive.ubuntu.com/ubuntu noble-updates/restricted Translation-en [573 kB]
Linux Build	Run sudo apt-get update -y	2026-01-23T02:35:20.9297477Z Get:18 http://azure.archive.ubuntu.com/ubuntu noble-updates/restricted amd64 Components [212 B]
Linux Build	Run sudo apt-get update -y	2026-01-23T02:35:20.9318389Z Get:19 http://azure.archive.ubuntu.com/ubuntu noble-updates/multiverse amd64 Packages [42.9 kB]
Linux Build	Run sudo apt-get update -y	2026-01-23T02:35:20.9329932Z Get:20 http://azure.archive.ubuntu.com/ubuntu noble-updates/multiverse Translation-en [8340 B]
Linux Build	Run sudo apt-get update -y	2026-01-23T02:35:20.9341565Z Get:21 http://azure.archive.ubuntu.com/ubuntu noble-updates/multiverse amd64 Components [940 B]
Linux Build	Run sudo apt-get update -y	2026-01-23T02:35:20.9353004Z Get:22 http://azure.archive.ubuntu.com/ubuntu noble-backports/main amd64 Components [7296 B]
Linux Build	Run sudo apt-get update -y	2026-01-23T02:35:20.9366558Z Get:23 http://azure.archive.ubuntu.com/ubuntu noble-backports/universe amd64 Components [10.5 kB]
Linux Build	Run sudo apt-get update -y	2026-01-23T02:35:20.9379851Z Get:24 http://azure.archive.ubuntu.com/ubuntu noble-backports/restricted amd64 Components [216 B]
Linux Build	Run sudo apt-get update -y	2026-01-23T02:35:20.9389360Z Get:25 http://azure.archive.ubuntu.com/ubuntu noble-backports/multiverse amd64 Components [212 B]
Linux Build	Run sudo apt-get update -y	2026-01-23T02:35:21.0147591Z Get:26 http://azure.archive.ubuntu.com/ubuntu noble-security/main amd64 Packages [1409 kB]
Linux Build	Run sudo apt-get update -y	2026-01-23T02:35:21.0231866Z Get:27 http://azure.archive.ubuntu.com/ubuntu noble-security/main Translation-en [229 kB]
Linux Build	Run sudo apt-get update -y	2026-01-23T02:35:21.0256461Z Get:28 http://azure.archive.ubuntu.com/ubuntu noble-security/main amd64 Components [21.5 kB]
Linux Build	Run sudo apt-get update -y	2026-01-23T02:35:21.0269166Z Get:29 http://azure.archive.ubuntu.com/ubuntu noble-security/main amd64 c-n-f Metadata [9800 B]
Linux Build	Run sudo apt-get update -y	2026-01-23T02:35:21.0279083Z Get:30 http://azure.archive.ubuntu.com/ubuntu noble-security/universe amd64 Packages [924 kB]
Linux Build	Run sudo apt-get update -y	2026-01-23T02:35:21.0339275Z Get:31 http://azure.archive.ubuntu.com/ubuntu noble-security/universe Translation-en [209 kB]
Linux Build	Run sudo apt-get update -y	2026-01-23T02:35:21.0776728Z Get:32 http://azure.archive.ubuntu.com/ubuntu noble-security/universe amd64 Components [74.3 kB]
Linux Build	Run sudo apt-get update -y	2026-01-23T02:35:21.0797835Z Get:33 http://azure.archive.ubuntu.com/ubuntu noble-security/universe amd64 c-n-f Metadata [19.7 kB]
Linux Build	Run sudo apt-get update -y	2026-01-23T02:35:21.0811167Z Get:34 http://azure.archive.ubuntu.com/ubuntu noble-security/restricted amd64 Components [212 B]
Linux Build	Run sudo apt-get update -y	2026-01-23T02:35:21.0821556Z Get:35 http://azure.archive.ubuntu.com/ubuntu noble-security/multiverse amd64 Packages [28.0 kB]
Linux Build	Run sudo apt-get update -y	2026-01-23T02:35:21.0838299Z Get:36 http://azure.archive.ubuntu.com/ubuntu noble-security/multiverse Translation-en [6472 B]
Linux Build	Run sudo apt-get update -y	2026-01-23T02:35:21.0848079Z Get:37 http://azure.archive.ubuntu.com/ubuntu noble-security/multiverse amd64 Components [212 B]
Linux Build	Run sudo apt-get update -y	2026-01-23T02:35:21.1778505Z Get:38 https://packages.microsoft.com/ubuntu/24.04/prod noble/main amd64 Packages [85.1 kB]
Linux Build	Run sudo apt-get update -y	2026-01-23T02:35:21.4897477Z Get:39 https://packages.microsoft.com/ubuntu/24.04/prod noble/main armhf Packages [12.3 kB]
Linux Build	Run sudo apt-get update -y	2026-01-23T02:35:21.5147384Z Get:40 https://packages.microsoft.com/ubuntu/24.04/prod noble/main all Packages [650 B]
Linux Build	Run sudo apt-get update -y	2026-01-23T02:35:21.5250699Z Get:41 https://packages.microsoft.com/ubuntu/24.04/prod noble/main arm64 Packages [66.0 kB]
Linux Build	Run sudo apt-get update -y	2026-01-23T02:35:29.7099573Z Fetched 11.1 MB in 1s (8184 kB/s)
Linux Build	Run sudo apt-get update -y	2026-01-23T02:35:30.5181524Z Reading package lists...
Linux Build	Run sudo apt-get update -y	2026-01-23T02:35:30.5509057Z Reading package lists...
Linux Build	Run sudo apt-get update -y	2026-01-23T02:35:30.7505965Z Building dependency tree...
Linux Build	Run sudo apt-get update -y	2026-01-23T02:35:30.7513203Z Reading state information...
Linux Build	Run sudo apt-get update -y	2026-01-23T02:35:30.9316277Z libstdc++6 is already the newest version (14.2.0-4ubuntu2~24.04).
Linux Build	Run sudo apt-get update -y	2026-01-23T02:35:30.9317518Z The following additional packages will be installed:
Linux Build	Run sudo apt-get update -y	2026-01-23T02:35:30.9318970Z   bsdextrautils bsdutils bzip2-doc eject fdisk gir1.2-atk-1.0 gir1.2-atspi-2.0
Linux Build	Run sudo apt-get update -y	2026-01-23T02:35:30.9320037Z   gir1.2-freedesktop gir1.2-freedesktop-dev gir1.2-gdkpixbuf-2.0
Linux Build	Run sudo apt-get update -y	2026-01-23T02:35:30.9320946Z   gir1.2-glib-2.0 gir1.2-glib-2.0-dev gir1.2-gtk-3.0 gir1.2-harfbuzz-0.0
Linux Build	Run sudo apt-get update -y	2026-01-23T02:35:30.9321911Z   gir1.2-pango-1.0 libatk-bridge2.0-dev libatk1.0-dev libatspi2.0-dev
Linux Build	Run sudo apt-get update -y	2026-01-23T02:35:30.9322952Z   libblkid-dev libblkid1 libbrotli-dev libbz2-dev libcairo-script-interpreter2
Linux Build	Run sudo apt-get update -y	2026-01-23T02:35:30.9324210Z   libcairo2-dev libdatrie-dev libdbus-1-dev libdeflate-dev libegl-dev
Linux Build	Run sudo apt-get update -y	2026-01-23T02:35:30.9324731Z   libegl-mesa0 libegl1 libegl1-mesa-dev libepoxy-dev libfdisk1
Linux Build	Run sudo apt-get update -y	2026-01-23T02:35:30.9325400Z   libfontconfig-dev libfreetype-dev libfribidi-dev libgdk-pixbuf-2.0-dev
Linux Build	Run sudo apt-get update -y	2026-01-23T02:35:30.9326015Z   libgdk-pixbuf2.0-bin libgirepository-2.0-0 libgl-dev libgles-dev libgles1
Linux Build	Run sudo apt-get update -y	2026-01-23T02:35:30.9326583Z   libgles2 libglib2.0-0t64 libglib2.0-bin libglib2.0-data libglib2.0-dev
Linux Build	Run sudo apt-get update -y	2026-01-23T02:35:30.9327109Z   libglib2.0-dev-bin libglvnd-core-dev libglvnd-dev libglx-dev
Linux Build	Run sudo apt-get update -y	2026-01-23T02:35:30.9327644Z   libgraphite2-dev libharfbuzz-cairo0 libharfbuzz-dev libharfbuzz-gobject0
Linux Build	Run sudo apt-get update -y	2026-01-23T02:35:30.9328231Z   libharfbuzz-icu0 libharfbuzz-subset0 libice-dev libjbig-dev libjpeg-dev
Linux Build	Run sudo apt-get update -y	2026-01-23T02:35:30.9328792Z   libjpeg-turbo8-dev libjpeg8-dev liblerc-dev libmount-dev libmount1
Linux Build	Run sudo apt-get update -y	2026-01-23T02:35:30.9329359Z   libopengl-dev libopengl0 libpango1.0-dev libpangoxft-1.0-0 libpixman-1-dev
Linux Build	Run sudo apt-get update -y	2026-01-23T02:35:30.9330017Z   libpng-dev libpng-tools libpng16-16t64 libpthread-stubs0-dev libselinux1-dev
Linux Build	Run sudo apt-get update -y	2026-01-23T02:35:30.9330637Z   libsepol-dev libsharpyuv-dev libsm-dev libsmartcols1 libthai-dev libtiff-dev
Linux Build	Run sudo apt-get update -y	2026-01-23T02:35:30.9331187Z   libtiffxx6 libuuid1 libwayland-bin libwayland-dev libwebp-dev
Linux Build	Run sudo apt-get update -y	2026-01-23T02:35:30.9331738Z   libwebpdecoder3 libx11-dev libxau-dev libxcb-render0-dev libxcb-shm0-dev
Linux Build	Run sudo apt-get update -y	2026-01-23T02:35:30.9332324Z   libxcb1-dev libxcomposite-dev libxcursor-dev libxdamage-dev libxdmcp-dev
Linux Build	Run sudo apt-get update -y	2026-01-23T02:35:30.9333124Z   libxext-dev libxfixes-dev libxft-dev libxi-dev libxinerama-dev
Linux Build	Run sudo apt-get update -y	2026-01-23T02:35:30.9334175Z   libxkbcommon-dev libxrandr-dev libxrender-dev libxtst-dev mount
Linux Build	Run sudo apt-get update -y	2026-01-23T02:35:30.9334677Z   pango1.0-tools util-linux uuid-dev uuid-runtime wayland-protocols
Linux Build	Run sudo apt-get update -y	2026-01-23T02:35:30.9335030Z   x11proto-dev xorg-sgml-doctools xtrans-dev
Linux Build	Run sudo apt-get update -y	2026-01-23T02:35:30.9335286Z Suggested packages:
Linux Build	Run sudo apt-get update -y	2026-01-23T02:35:30.9335599Z   libcairo2-doc libdatrie-doc freetype2-doc low-memory-monitor libglib2.0-doc
Linux Build	Run sudo apt-get update -y	2026-01-23T02:35:30.9336063Z   libxml2-utils libgraphite2-utils libgtk-3-doc libice-doc liblzma-doc
Linux Build	Run sudo apt-get update -y	2026-01-23T02:35:30.9336509Z   libpango1.0-doc libsm-doc libthai-doc libwayland-doc libx11-doc libxcb-doc
Linux Build	Run sudo apt-get update -y	2026-01-23T02:35:30.9336973Z   libxext-doc nfs-common graphicsmagick util-linux-extra util-linux-locales
Linux Build	Run sudo apt-get update -y	2026-01-23T02:35:30.9888648Z The following NEW packages will be installed:
Linux Build	Run sudo apt-get update -y	2026-01-23T02:35:30.9889505Z   bzip2-doc gir1.2-atk-1.0 gir1.2-atspi-2.0 gir1.2-freedesktop
Linux Build	Run sudo apt-get update -y	2026-01-23T02:35:30.9890392Z   gir1.2-freedesktop-dev gir1.2-gdkpixbuf-2.0 gir1.2-glib-2.0-dev
Linux Build	Run sudo apt-get update -y	2026-01-23T02:35:30.9891331Z   gir1.2-gtk-3.0 gir1.2-harfbuzz-0.0 gir1.2-pango-1.0 libatk-bridge2.0-dev
Linux Build	Run sudo apt-get update -y	2026-01-23T02:35:30.9892312Z   libatk1.0-dev libatspi2.0-dev libblkid-dev libbrotli-dev libbz2-dev
Linux Build	Run sudo apt-get update -y	2026-01-23T02:35:30.9893315Z   libcairo-script-interpreter2 libcairo2-dev libdatrie-dev libdbus-1-dev
Linux Build	Run sudo apt-get update -y	2026-01-23T02:35:30.9894650Z   libdeflate-dev libegl-dev libegl-mesa0 libegl1 libegl1-mesa-dev libepoxy-dev
Linux Build	Run sudo apt-get update -y	2026-01-23T02:35:30.9895368Z   libfontconfig-dev libfreetype-dev libfribidi-dev libgdk-pixbuf-2.0-dev
Linux Build	Run sudo apt-get update -y	2026-01-23T02:35:30.9895924Z   libgdk-pixbuf2.0-bin libgirepository-2.0-0 libgl-dev libgles-dev libgles1
Linux Build	Run sudo apt-get update -y	2026-01-23T02:35:30.9896666Z   libgles2 libglib2.0-dev libglib2.0-dev-bin libglvnd-core-dev libglvnd-dev
Linux Build	Run sudo apt-get update -y	2026-01-23T02:35:30.9897509Z   libglx-dev libgraphite2-dev libgtk-3-dev libharfbuzz-cairo0 libharfbuzz-dev
Linux Build	Run sudo apt-get update -y	2026-01-23T02:35:30.9898068Z   libharfbuzz-gobject0 libharfbuzz-icu0 libharfbuzz-subset0 libice-dev
Linux Build	Run sudo apt-get update -y	2026-01-23T02:35:30.9899024Z   libjbig-dev libjpeg-dev libjpeg-turbo8-dev libjpeg8-dev liblerc-dev
Linux Build	Run sudo apt-get update -y	2026-01-23T02:35:30.9899799Z   liblzma-dev libmount-dev libopengl-dev libopengl0 libpango1.0-dev
Linux Build	Run sudo apt-get update -y	2026-01-23T02:35:30.9900289Z   libpangoxft-1.0-0 libpixman-1-dev libpng-dev libpng-tools
Linux Build	Run sudo apt-get update -y	2026-01-23T02:35:30.9921194Z   libpthread-stubs0-dev libselinux1-dev libsepol-dev libsharpyuv-dev libsm-dev
Linux Build	Run sudo apt-get update -y	2026-01-23T02:35:30.9922129Z   libthai-dev libtiff-dev libtiffxx6 libwayland-bin libwayland-dev libwebp-dev
Linux Build	Run sudo apt-get update -y	2026-01-23T02:35:30.9922961Z   libwebpdecoder3 libx11-dev libxau-dev libxcb-render0-dev libxcb-shm0-dev
Linux Build	Run sudo apt-get update -y	2026-01-23T02:35:30.9924044Z   libxcb1-dev libxcomposite-dev libxcursor-dev libxdamage-dev libxdmcp-dev
Linux Build	Run sudo apt-get update -y	2026-01-23T02:35:30.9924821Z   libxext-dev libxfixes-dev libxft-dev libxi-dev libxinerama-dev
Linux Build	Run sudo apt-get update -y	2026-01-23T02:35:30.9925539Z   libxkbcommon-dev libxrandr-dev libxrender-dev libxtst-dev ninja-build
Linux Build	Run sudo apt-get update -y	2026-01-23T02:35:30.9926313Z   pango1.0-tools uuid-dev wayland-protocols x11proto-dev xorg-sgml-doctools
Linux Build	Run sudo apt-get update -y	2026-01-23T02:35:30.9926951Z   xtrans-dev
Linux Build	Run sudo apt-get update -y	2026-01-23T02:35:30.9927277Z The following packages will be upgraded:
Linux Build	Run sudo apt-get update -y	2026-01-23T02:35:30.9927891Z   bsdextrautils bsdutils eject fdisk gir1.2-glib-2.0 libblkid1 libfdisk1
Linux Build	Run sudo apt-get update -y	2026-01-23T02:35:30.9928712Z   libglib2.0-0t64 libglib2.0-bin libglib2.0-data libmount1 libpng16-16t64
Linux Build	Run sudo apt-get update -y	2026-01-23T02:35:30.9929451Z   libsmartcols1 libuuid1 mount util-linux uuid-runtime
Linux Build	Run sudo apt-get update -y	2026-01-23T02:35:31.0114471Z 17 upgraded, 100 newly installed, 0 to remove and 50 not upgraded.
Linux Build	Run sudo apt-get update -y	2026-01-23T02:35:31.0114931Z Need to get 17.8 MB of archives.
Linux Build	Run sudo apt-get update -y	2026-01-23T02:35:31.0115307Z After this operation, 81.7 MB of additional disk space will be used.
Linux Build	Run sudo apt-get update -y	2026-01-23T02:35:31.0115977Z Get:1 file:/etc/apt/apt-mirrors.txt Mirrorlist [144 B]
Linux Build	Run sudo apt-get update -y	2026-01-23T02:35:31.0664367Z Get:2 http://azure.archive.ubuntu.com/ubuntu noble-updates/main amd64 bsdutils amd64 1:2.39.3-9ubuntu6.4 [95.6 kB]
Linux Build	Run sudo apt-get update -y	2026-01-23T02:35:31.1026394Z Get:3 http://azure.archive.ubuntu.com/ubuntu noble-updates/main amd64 util-linux amd64 2.39.3-9ubuntu6.4 [1128 kB]
Linux Build	Run sudo apt-get update -y	2026-01-23T02:35:31.1610325Z Get:4 http://azure.archive.ubuntu.com/ubuntu noble-updates/main amd64 mount amd64 2.39.3-9ubuntu6.4 [118 kB]
Linux Build	Run sudo apt-get update -y	2026-01-23T02:35:31.1983317Z Get:5 http://azure.archive.ubuntu.com/ubuntu noble-updates/main amd64 libsmartcols1 amd64 2.39.3-9ubuntu6.4 [65.6 kB]
Linux Build	Run sudo apt-get update -y	2026-01-23T02:35:31.2311863Z Get:6 http://azure.archive.ubuntu.com/ubuntu noble-updates/main amd64 libuuid1 amd64 2.39.3-9ubuntu6.4 [35.9 kB]
Linux Build	Run sudo apt-get update -y	2026-01-23T02:35:31.2640292Z Get:7 http://azure.archive.ubuntu.com/ubuntu noble-updates/main amd64 uuid-runtime amd64 2.39.3-9ubuntu6.4 [33.1 kB]
Linux Build	Run sudo apt-get update -y	2026-01-23T02:35:31.2965427Z Get:8 http://azure.archive.ubuntu.com/ubuntu noble-updates/main amd64 libblkid1 amd64 2.39.3-9ubuntu6.4 [123 kB]
Linux Build	Run sudo apt-get update -y	2026-01-23T02:35:31.3342838Z Get:9 http://azure.archive.ubuntu.com/ubuntu noble-updates/main amd64 libmount1 amd64 2.39.3-9ubuntu6.4 [134 kB]
Linux Build	Run sudo apt-get update -y	2026-01-23T02:35:31.3778916Z Get:10 http://azure.archive.ubuntu.com/ubuntu noble-updates/main amd64 eject amd64 2.39.3-9ubuntu6.4 [26.3 kB]
Linux Build	Run sudo apt-get update -y	2026-01-23T02:35:31.4128664Z Get:11 http://azure.archive.ubuntu.com/ubuntu noble-updates/main amd64 libglib2.0-data all 2.80.0-6ubuntu3.7 [49.4 kB]
Linux Build	Run sudo apt-get update -y	2026-01-23T02:35:31.4481996Z Get:12 http://azure.archive.ubuntu.com/ubuntu noble-updates/main amd64 libglib2.0-bin amd64 2.80.0-6ubuntu3.7 [97.9 kB]
Linux Build	Run sudo apt-get update -y	2026-01-23T02:35:31.4848519Z Get:13 http://azure.archive.ubuntu.com/ubuntu noble-updates/main amd64 gir1.2-glib-2.0 amd64 2.80.0-6ubuntu3.7 [183 kB]
Linux Build	Run sudo apt-get update -y	2026-01-23T02:35:31.5220006Z Get:14 http://azure.archive.ubuntu.com/ubuntu noble-updates/main amd64 libglib2.0-0t64 amd64 2.80.0-6ubuntu3.7 [1545 kB]
Linux Build	Run sudo apt-get update -y	2026-01-23T02:35:31.5825073Z Get:15 http://azure.archive.ubuntu.com/ubuntu noble-updates/main amd64 libfdisk1 amd64 2.39.3-9ubuntu6.4 [146 kB]
Linux Build	Run sudo apt-get update -y	2026-01-23T02:35:31.6189057Z Get:16 http://azure.archive.ubuntu.com/ubuntu noble-updates/main amd64 bsdextrautils amd64 2.39.3-9ubuntu6.4 [73.7 kB]
Linux Build	Run sudo apt-get update -y	2026-01-23T02:35:31.6545121Z Get:17 http://azure.archive.ubuntu.com/ubuntu noble-updates/main amd64 libpng16-16t64 amd64 1.6.43-5ubuntu0.3 [188 kB]
Linux Build	Run sudo apt-get update -y	2026-01-23T02:35:31.6919668Z Get:18 http://azure.archive.ubuntu.com/ubuntu noble-updates/main amd64 bzip2-doc all 1.0.8-5.1build0.1 [499 kB]
Linux Build	Run sudo apt-get update -y	2026-01-23T02:35:31.7387959Z Get:19 http://azure.archive.ubuntu.com/ubuntu noble-updates/main amd64 fdisk amd64 2.39.3-9ubuntu6.4 [122 kB]
Linux Build	Run sudo apt-get update -y	2026-01-23T02:35:31.8191997Z Get:20 http://azure.archive.ubuntu.com/ubuntu noble/main amd64 gir1.2-atk-1.0 amd64 2.52.0-1build1 [23.1 kB]
Linux Build	Run sudo apt-get update -y	2026-01-23T02:35:31.8590780Z Get:21 http://azure.archive.ubuntu.com/ubuntu noble/main amd64 gir1.2-freedesktop amd64 1.80.1-1 [49.7 kB]
Linux Build	Run sudo apt-get update -y	2026-01-23T02:35:31.8940823Z Get:22 http://azure.archive.ubuntu.com/ubuntu noble/main amd64 gir1.2-atspi-2.0 amd64 2.52.0-1build1 [19.8 kB]
Linux Build	Run sudo apt-get update -y	2026-01-23T02:35:31.9289790Z Get:23 http://azure.archive.ubuntu.com/ubuntu noble-updates/main amd64 gir1.2-glib-2.0-dev amd64 2.80.0-6ubuntu3.7 [848 kB]
Linux Build	Run sudo apt-get update -y	2026-01-23T02:35:31.9934469Z Get:24 http://azure.archive.ubuntu.com/ubuntu noble/main amd64 gir1.2-freedesktop-dev amd64 1.80.1-1 [28.8 kB]
Linux Build	Run sudo apt-get update -y	2026-01-23T02:35:32.0273462Z Get:25 http://azure.archive.ubuntu.com/ubuntu noble-updates/main amd64 gir1.2-gdkpixbuf-2.0 amd64 2.42.10+dfsg-3ubuntu3.2 [9488 B]
Linux Build	Run sudo apt-get update -y	2026-01-23T02:35:32.0599585Z Get:26 http://azure.archive.ubuntu.com/ubuntu noble/main amd64 libharfbuzz-gobject0 amd64 8.3.0-2build2 [34.3 kB]
Linux Build	Run sudo apt-get update -y	2026-01-23T02:35:32.0929902Z Get:27 http://azure.archive.ubuntu.com/ubuntu noble/main amd64 gir1.2-harfbuzz-0.0 amd64 8.3.0-2build2 [44.5 kB]
Linux Build	Run sudo apt-get update -y	2026-01-23T02:35:32.1255110Z Get:28 http://azure.archive.ubuntu.com/ubuntu noble/main amd64 libpangoxft-1.0-0 amd64 1.52.1+ds-1build1 [20.3 kB]
Linux Build	Run sudo apt-get update -y	2026-01-23T02:35:32.1579988Z Get:29 http://azure.archive.ubuntu.com/ubuntu noble/main amd64 gir1.2-pango-1.0 amd64 1.52.1+ds-1build1 [34.8 kB]
Linux Build	Run sudo apt-get update -y	2026-01-23T02:35:32.1911066Z Get:30 http://azure.archive.ubuntu.com/ubuntu noble-updates/main amd64 gir1.2-gtk-3.0 amd64 3.24.41-4ubuntu1.3 [245 kB]
Linux Build	Run sudo apt-get update -y	2026-01-23T02:35:32.2280415Z Get:31 http://azure.archive.ubuntu.com/ubuntu noble-updates/main amd64 libglib2.0-dev-bin amd64 2.80.0-6ubuntu3.7 [138 kB]
Linux Build	Run sudo apt-get update -y	2026-01-23T02:35:32.2746352Z Get:32 http://azure.archive.ubuntu.com/ubuntu noble-updates/main amd64 uuid-dev amd64 2.39.3-9ubuntu6.4 [33.5 kB]
Linux Build	Run sudo apt-get update -y	2026-01-23T02:35:32.3076808Z Get:33 http://azure.archive.ubuntu.com/ubuntu noble-updates/main amd64 libblkid-dev amd64 2.39.3-9ubuntu6.4 [204 kB]
Linux Build	Run sudo apt-get update -y	2026-01-23T02:35:32.3638699Z Get:34 http://azure.archive.ubuntu.com/ubuntu noble/main amd64 libsepol-dev amd64 3.5-2build1 [384 kB]
Linux Build	Run sudo apt-get update -y	2026-01-23T02:35:32.4074440Z Get:35 http://azure.archive.ubuntu.com/ubuntu noble-updates/main amd64 libselinux1-dev amd64 3.5-2ubuntu2.1 [164 kB]
Linux Build	Run sudo apt-get update -y	2026-01-23T02:35:32.4469170Z Get:36 http://azure.archive.ubuntu.com/ubuntu noble-updates/main amd64 libmount-dev amd64 2.39.3-9ubuntu6.4 [14.9 kB]
Linux Build	Run sudo apt-get update -y	2026-01-23T02:35:32.4898478Z Get:37 http://azure.archive.ubuntu.com/ubuntu noble-updates/main amd64 libgirepository-2.0-0 amd64 2.80.0-6ubuntu3.7 [73.5 kB]
Linux Build	Run sudo apt-get update -y	2026-01-23T02:35:32.5487716Z Get:38 http://azure.archive.ubuntu.com/ubuntu noble-updates/main amd64 libglib2.0-dev amd64 2.80.0-6ubuntu3.7 [1860 kB]
Linux Build	Run sudo apt-get update -y	2026-01-23T02:35:32.8540512Z Get:39 http://azure.archive.ubuntu.com/ubuntu noble/main amd64 libatk1.0-dev amd64 2.52.0-1build1 [100 kB]
Linux Build	Run sudo apt-get update -y	2026-01-23T02:35:32.8936227Z Get:40 http://azure.archive.ubuntu.com/ubuntu noble-updates/main amd64 libdbus-1-dev amd64 1.14.10-4ubuntu4.1 [190 kB]
Linux Build	Run sudo apt-get update -y	2026-01-23T02:35:32.9440565Z Get:41 http://azure.archive.ubuntu.com/ubuntu noble/main amd64 xorg-sgml-doctools all 1:1.11-1.1 [10.9 kB]
Linux Build	Run sudo apt-get update -y	2026-01-23T02:35:32.9889938Z Get:42 http://azure.archive.ubuntu.com/ubuntu noble/main amd64 x11proto-dev all 2023.2-1 [602 kB]
Linux Build	Run sudo apt-get update -y	2026-01-23T02:35:33.0434201Z Get:43 http://azure.archive.ubuntu.com/ubuntu noble/main amd64 libxau-dev amd64 1:1.0.9-1build6 [9570 B]
Linux Build	Run sudo apt-get update -y	2026-01-23T02:35:33.0910758Z Get:44 http://azure.archive.ubuntu.com/ubuntu noble/main amd64 libxdmcp-dev amd64 1:1.1.3-0ubuntu6 [26.5 kB]
Linux Build	Run sudo apt-get update -y	2026-01-23T02:35:33.1897394Z Get:45 http://azure.archive.ubuntu.com/ubuntu noble/main amd64 xtrans-dev all 1.4.0-1 [68.9 kB]
Linux Build	Run sudo apt-get update -y	2026-01-23T02:35:33.2519001Z Get:46 http://azure.archive.ubuntu.com/ubuntu noble/main amd64 libpthread-stubs0-dev amd64 0.4-1build3 [4746 B]
Linux Build	Run sudo apt-get update -y	2026-01-23T02:35:33.3010219Z Get:47 http://azure.archive.ubuntu.com/ubuntu noble/main amd64 libxcb1-dev amd64 1.15-1ubuntu2 [85.8 kB]
Linux Build	Run sudo apt-get update -y	2026-01-23T02:35:33.3453459Z Get:48 http://azure.archive.ubuntu.com/ubuntu noble/main amd64 libx11-dev amd64 2:1.8.7-1build1 [732 kB]
Linux Build	Run sudo apt-get update -y	2026-01-23T02:35:33.4010647Z Get:49 http://azure.archive.ubuntu.com/ubuntu noble/main amd64 libxext-dev amd64 2:1.3.4-1build2 [83.5 kB]
Linux Build	Run sudo apt-get update -y	2026-01-23T02:35:33.4438767Z Get:50 http://azure.archive.ubuntu.com/ubuntu noble/main amd64 libxfixes-dev amd64 1:6.0.0-2build1 [12.1 kB]
Linux Build	Run sudo apt-get update -y	2026-01-23T02:35:33.4945772Z Get:51 http://azure.archive.ubuntu.com/ubuntu noble/main amd64 libxi-dev amd64 2:1.8.1-1build1 [194 kB]
Linux Build	Run sudo apt-get update -y	2026-01-23T02:35:33.5378556Z Get:52 http://azure.archive.ubuntu.com/ubuntu noble/main amd64 libxtst-dev amd64 2:1.2.3-1.1build1 [15.9 kB]
Linux Build	Run sudo apt-get update -y	2026-01-23T02:35:33.5930881Z Get:53 http://azure.archive.ubuntu.com/ubuntu noble/main amd64 libatspi2.0-dev amd64 2.52.0-1build1 [76.2 kB]
Linux Build	Run sudo apt-get update -y	2026-01-23T02:35:33.6262455Z Get:54 http://azure.archive.ubuntu.com/ubuntu noble/main amd64 libatk-bridge2.0-dev amd64 2.52.0-1build1 [4284 B]
Linux Build	Run sudo apt-get update -y	2026-01-23T02:35:33.6587508Z Get:55 http://azure.archive.ubuntu.com/ubuntu noble/main amd64 libbrotli-dev amd64 1.1.0-2build2 [353 kB]
Linux Build	Run sudo apt-get update -y	2026-01-23T02:35:33.6975293Z Get:56 http://azure.archive.ubuntu.com/ubuntu noble-updates/main amd64 libbz2-dev amd64 1.0.8-5.1build0.1 [33.6 kB]
Linux Build	Run sudo apt-get update -y	2026-01-23T02:35:33.7298984Z Get:57 http://azure.archive.ubuntu.com/ubuntu noble/main amd64 libcairo-script-interpreter2 amd64 1.18.0-3build1 [60.3 kB]
Linux Build	Run sudo apt-get update -y	2026-01-23T02:35:33.8053042Z Get:58 http://azure.archive.ubuntu.com/ubuntu noble-updates/main amd64 libpng-dev amd64 1.6.43-5ubuntu0.3 [264 kB]
Linux Build	Run sudo apt-get update -y	2026-01-23T02:35:33.8429304Z Get:59 http://azure.archive.ubuntu.com/ubuntu noble/main amd64 libfreetype-dev amd64 2.13.2+dfsg-1build3 [575 kB]
Linux Build	Run sudo apt-get update -y	2026-01-23T02:35:33.8845585Z Get:60 http://azure.archive.ubuntu.com/ubuntu noble/main amd64 libfontconfig-dev amd64 2.15.0-1.1ubuntu2 [161 kB]
Linux Build	Run sudo apt-get update -y	2026-01-23T02:35:33.9232732Z Get:61 http://azure.archive.ubuntu.com/ubuntu noble/main amd64 libpixman-1-dev amd64 0.42.2-1build1 [296 kB]
Linux Build	Run sudo apt-get update -y	2026-01-23T02:35:33.9626498Z Get:62 http://azure.archive.ubuntu.com/ubuntu noble/main amd64 libice-dev amd64 2:1.0.10-1build3 [51.0 kB]
Linux Build	Run sudo apt-get update -y	2026-01-23T02:35:33.9934766Z Get:63 http://azure.archive.ubuntu.com/ubuntu noble/main amd64 libsm-dev amd64 2:1.2.3-1build3 [17.8 kB]
Linux Build	Run sudo apt-get update -y	2026-01-23T02:35:34.0233445Z Get:64 http://azure.archive.ubuntu.com/ubuntu noble/main amd64 libxcb-render0-dev amd64 1.15-1ubuntu2 [19.6 kB]
Linux Build	Run sudo apt-get update -y	2026-01-23T02:35:34.0533286Z Get:65 http://azure.archive.ubuntu.com/ubuntu noble/main amd64 libxcb-shm0-dev amd64 1.15-1ubuntu2 [8246 B]
Linux Build	Run sudo apt-get update -y	2026-01-23T02:35:34.0837802Z Get:66 http://azure.archive.ubuntu.com/ubuntu noble/main amd64 libxrender-dev amd64 1:0.9.10-1.1build1 [26.3 kB]
Linux Build	Run sudo apt-get update -y	2026-01-23T02:35:34.1133627Z Get:67 http://azure.archive.ubuntu.com/ubuntu noble/main amd64 libcairo2-dev amd64 1.18.0-3build1 [41.1 kB]
Linux Build	Run sudo apt-get update -y	2026-01-23T02:35:34.1439669Z Get:68 http://azure.archive.ubuntu.com/ubuntu noble/main amd64 libdatrie-dev amd64 0.2.13-3build1 [19.4 kB]
Linux Build	Run sudo apt-get update -y	2026-01-23T02:35:34.1746477Z Get:69 http://azure.archive.ubuntu.com/ubuntu noble-updates/main amd64 libdeflate-dev amd64 1.19-1build1.1 [50.9 kB]
Linux Build	Run sudo apt-get update -y	2026-01-23T02:35:34.2049999Z Get:70 http://azure.archive.ubuntu.com/ubuntu noble-updates/main amd64 libegl-mesa0 amd64 25.0.7-0ubuntu0.24.04.2 [124 kB]
Linux Build	Run sudo apt-get update -y	2026-01-23T02:35:34.2393463Z Get:71 http://azure.archive.ubuntu.com/ubuntu noble/main amd64 libegl1 amd64 1.7.0-1build1 [28.7 kB]
Linux Build	Run sudo apt-get update -y	2026-01-23T02:35:34.2692075Z Get:72 http://azure.archive.ubuntu.com/ubuntu noble/main amd64 libglx-dev amd64 1.7.0-1build1 [14.2 kB]
Linux Build	Run sudo apt-get update -y	2026-01-23T02:35:34.2990000Z Get:73 http://azure.archive.ubuntu.com/ubuntu noble/main amd64 libgl-dev amd64 1.7.0-1build1 [102 kB]
Linux Build	Run sudo apt-get update -y	2026-01-23T02:35:34.3319496Z Get:74 http://azure.archive.ubuntu.com/ubuntu noble/main amd64 libegl-dev amd64 1.7.0-1build1 [18.2 kB]
Linux Build	Run sudo apt-get update -y	2026-01-23T02:35:34.3640849Z Get:75 http://azure.archive.ubuntu.com/ubuntu noble/main amd64 libglvnd-core-dev amd64 1.7.0-1build1 [13.6 kB]
Linux Build	Run sudo apt-get update -y	2026-01-23T02:35:34.4452472Z Get:76 http://azure.archive.ubuntu.com/ubuntu noble/main amd64 libgles1 amd64 1.7.0-1build1 [11.6 kB]
Linux Build	Run sudo apt-get update -y	2026-01-23T02:35:34.4777716Z Get:77 http://azure.archive.ubuntu.com/ubuntu noble/main amd64 libgles2 amd64 1.7.0-1build1 [17.1 kB]
Linux Build	Run sudo apt-get update -y	2026-01-23T02:35:34.5110644Z Get:78 http://azure.archive.ubuntu.com/ubuntu noble/main amd64 libgles-dev amd64 1.7.0-1build1 [50.5 kB]
Linux Build	Run sudo apt-get update -y	2026-01-23T02:35:34.5433489Z Get:79 http://azure.archive.ubuntu.com/ubuntu noble/main amd64 libopengl0 amd64 1.7.0-1build1 [32.8 kB]
Linux Build	Run sudo apt-get update -y	2026-01-23T02:35:34.5759987Z Get:80 http://azure.archive.ubuntu.com/ubuntu noble/main amd64 libopengl-dev amd64 1.7.0-1build1 [3454 B]
Linux Build	Run sudo apt-get update -y	2026-01-23T02:35:34.6083547Z Get:81 http://azure.archive.ubuntu.com/ubuntu noble/main amd64 libglvnd-dev amd64 1.7.0-1build1 [3198 B]
Linux Build	Run sudo apt-get update -y	2026-01-23T02:35:34.6409414Z Get:82 http://azure.archive.ubuntu.com/ubuntu noble-updates/main amd64 libegl1-mesa-dev amd64 25.0.7-0ubuntu0.24.04.2 [25.0 kB]
Linux Build	Run sudo apt-get update -y	2026-01-23T02:35:34.6735875Z Get:83 http://azure.archive.ubuntu.com/ubuntu noble/main amd64 libepoxy-dev amd64 1.5.10-1build1 [132 kB]
Linux Build	Run sudo apt-get update -y	2026-01-23T02:35:34.7106340Z Get:84 http://azure.archive.ubuntu.com/ubuntu noble/main amd64 libfribidi-dev amd64 1.0.13-3build1 [64.8 kB]
Linux Build	Run sudo apt-get update -y	2026-01-23T02:35:34.7438799Z Get:85 http://azure.archive.ubuntu.com/ubuntu noble-updates/main amd64 libgdk-pixbuf2.0-bin amd64 2.42.10+dfsg-3ubuntu3.2 [13.9 kB]
Linux Build	Run sudo apt-get update -y	2026-01-23T02:35:34.7786908Z Get:86 http://azure.archive.ubuntu.com/ubuntu noble/main amd64 libjpeg-turbo8-dev amd64 2.1.5-2ubuntu2 [295 kB]
Linux Build	Run sudo apt-get update -y	2026-01-23T02:35:34.8142511Z Get:87 http://azure.archive.ubuntu.com/ubuntu noble/main amd64 libjpeg8-dev amd64 8c-2ubuntu11 [1484 B]
Linux Build	Run sudo apt-get update -y	2026-01-23T02:35:34.8467780Z Get:88 http://azure.archive.ubuntu.com/ubuntu noble/main amd64 libjpeg-dev amd64 8c-2ubuntu11 [1482 B]
Linux Build	Run sudo apt-get update -y	2026-01-23T02:35:34.8796140Z Get:89 http://azure.archive.ubuntu.com/ubuntu noble/main amd64 libjbig-dev amd64 2.1-6.1ubuntu2 [27.9 kB]
Linux Build	Run sudo apt-get update -y	2026-01-23T02:35:34.9125351Z Get:90 http://azure.archive.ubuntu.com/ubuntu noble-updates/main amd64 liblzma-dev amd64 5.6.1+really5.4.5-1ubuntu0.2 [176 kB]
Linux Build	Run sudo apt-get update -y	2026-01-23T02:35:34.9454017Z Get:91 http://azure.archive.ubuntu.com/ubuntu noble/main amd64 libwebpdecoder3 amd64 1.3.2-0.4build3 [114 kB]
Linux Build	Run sudo apt-get update -y	2026-01-23T02:35:34.9768176Z Get:92 http://azure.archive.ubuntu.com/ubuntu noble/main amd64 libsharpyuv-dev amd64 1.3.2-0.4build3 [16.0 kB]
Linux Build	Run sudo apt-get update -y	2026-01-23T02:35:35.0069979Z Get:93 http://azure.archive.ubuntu.com/ubuntu noble/main amd64 libwebp-dev amd64 1.3.2-0.4build3 [367 kB]
Linux Build	Run sudo apt-get update -y	2026-01-23T02:35:35.0421325Z Get:94 http://azure.archive.ubuntu.com/ubuntu noble-updates/main amd64 libtiffxx6 amd64 4.5.1+git230720-4ubuntu2.4 [5648 B]
Linux Build	Run sudo apt-get update -y	2026-01-23T02:35:35.1188170Z Get:95 http://azure.archive.ubuntu.com/ubuntu noble/main amd64 liblerc-dev amd64 4.0.0+ds-4ubuntu2 [182 kB]
Linux Build	Run sudo apt-get update -y	2026-01-23T02:35:35.1509672Z Get:96 http://azure.archive.ubuntu.com/ubuntu noble-updates/main amd64 libtiff-dev amd64 4.5.1+git230720-4ubuntu2.4 [338 kB]
Linux Build	Run sudo apt-get update -y	2026-01-23T02:35:35.1899395Z Get:97 http://azure.archive.ubuntu.com/ubuntu noble-updates/main amd64 libgdk-pixbuf-2.0-dev amd64 2.42.10+dfsg-3ubuntu3.2 [48.0 kB]
Linux Build	Run sudo apt-get update -y	2026-01-23T02:35:35.2203078Z Get:98 http://azure.archive.ubuntu.com/ubuntu noble/main amd64 libgraphite2-dev amd64 1.3.14-2build1 [14.7 kB]
Linux Build	Run sudo apt-get update -y	2026-01-23T02:35:35.2505621Z Get:99 http://azure.archive.ubuntu.com/ubuntu noble/main amd64 libharfbuzz-icu0 amd64 8.3.0-2build2 [13.3 kB]
Linux Build	Run sudo apt-get update -y	2026-01-23T02:35:35.2808104Z Get:100 http://azure.archive.ubuntu.com/ubuntu noble/main amd64 libharfbuzz-subset0 amd64 8.3.0-2build2 [448 kB]
Linux Build	Run sudo apt-get update -y	2026-01-23T02:35:35.3204622Z Get:101 http://azure.archive.ubuntu.com/ubuntu noble/main amd64 libharfbuzz-cairo0 amd64 8.3.0-2build2 [26.2 kB]
Linux Build	Run sudo apt-get update -y	2026-01-23T02:35:35.3510169Z Get:102 http://azure.archive.ubuntu.com/ubuntu noble/main amd64 libharfbuzz-dev amd64 8.3.0-2build2 [142 kB]
Linux Build	Run sudo apt-get update -y	2026-01-23T02:35:35.3849093Z Get:103 http://azure.archive.ubuntu.com/ubuntu noble/main amd64 libthai-dev amd64 0.1.29-2build1 [26.6 kB]
Linux Build	Run sudo apt-get update -y	2026-01-23T02:35:35.4155529Z Get:104 http://azure.archive.ubuntu.com/ubuntu noble/main amd64 libxft-dev amd64 2.3.6-1build1 [64.3 kB]
Linux Build	Run sudo apt-get update -y	2026-01-23T02:35:35.4456202Z Get:105 http://azure.archive.ubuntu.com/ubuntu noble/main amd64 pango1.0-tools amd64 1.52.1+ds-1build1 [36.7 kB]
Linux Build	Run sudo apt-get update -y	2026-01-23T02:35:35.4757708Z Get:106 http://azure.archive.ubuntu.com/ubuntu noble/main amd64 libpango1.0-dev amd64 1.52.1+ds-1build1 [147 kB]
Linux Build	Run sudo apt-get update -y	2026-01-23T02:35:35.5066322Z Get:107 http://azure.archive.ubuntu.com/ubuntu noble/main amd64 libwayland-bin amd64 1.22.0-2.1build1 [20.6 kB]
Linux Build	Run sudo apt-get update -y	2026-01-23T02:35:35.5366677Z Get:108 http://azure.archive.ubuntu.com/ubuntu noble/main amd64 libwayland-dev amd64 1.22.0-2.1build1 [71.3 kB]
Linux Build	Run sudo apt-get update -y	2026-01-23T02:35:35.5683152Z Get:109 http://azure.archive.ubuntu.com/ubuntu noble/main amd64 libxcomposite-dev amd64 1:0.4.5-1build3 [9374 B]
Linux Build	Run sudo apt-get update -y	2026-01-23T02:35:35.5980577Z Get:110 http://azure.archive.ubuntu.com/ubuntu noble/main amd64 libxcursor-dev amd64 1:1.2.1-1build1 [31.8 kB]
Linux Build	Run sudo apt-get update -y	2026-01-23T02:35:35.6275368Z Get:111 http://azure.archive.ubuntu.com/ubuntu noble/main amd64 libxdamage-dev amd64 1:1.1.6-1build1 [5270 B]
Linux Build	Run sudo apt-get update -y	2026-01-23T02:35:35.6573037Z Get:112 http://azure.archive.ubuntu.com/ubuntu noble/main amd64 libxinerama-dev amd64 2:1.1.4-3build1 [7988 B]
Linux Build	Run sudo apt-get update -y	2026-01-23T02:35:35.6872076Z Get:113 http://azure.archive.ubuntu.com/ubuntu noble/main amd64 libxkbcommon-dev amd64 1.6.0-1build1 [56.3 kB]
Linux Build	Run sudo apt-get update -y	2026-01-23T02:35:35.7186137Z Get:114 http://azure.archive.ubuntu.com/ubuntu noble/main amd64 libxrandr-dev amd64 2:1.5.2-2build1 [26.4 kB]
Linux Build	Run sudo apt-get update -y	2026-01-23T02:35:35.7517585Z Get:115 http://azure.archive.ubuntu.com/ubuntu noble-updates/main amd64 wayland-protocols all 1.38-1~ubuntu0.24.04.1 [93.0 kB]
Linux Build	Run sudo apt-get update -y	2026-01-23T02:35:35.7817595Z Get:116 http://azure.archive.ubuntu.com/ubuntu noble-updates/main amd64 libgtk-3-dev amd64 3.24.41-4ubuntu1.3 [1096 kB]
Linux Build	Run sudo apt-get update -y	2026-01-23T02:35:35.8204223Z Get:117 http://azure.archive.ubuntu.com/ubuntu noble-updates/main amd64 libpng-tools amd64 1.6.43-5ubuntu0.3 [28.5 kB]
Linux Build	Run sudo apt-get update -y	2026-01-23T02:35:35.8504664Z Get:118 http://azure.archive.ubuntu.com/ubuntu noble/universe amd64 ninja-build amd64 1.11.1-2 [129 kB]
Linux Build	Run sudo apt-get update -y	2026-01-23T02:35:36.2052532Z Fetched 17.8 MB in 5s (3671 kB/s)
Linux Build	Run sudo apt-get update -y	2026-01-23T02:35:36.2604398Z (Reading database ... 
Linux Build	Run sudo apt-get update -y	2026-01-23T02:35:36.2604863Z (Reading database ... 5%
Linux Build	Run sudo apt-get update -y	2026-01-23T02:35:36.2605191Z (Reading database ... 10%
Linux Build	Run sudo apt-get update -y	2026-01-23T02:35:36.2605469Z (Reading database ... 15%
Linux Build	Run sudo apt-get update -y	2026-01-23T02:35:36.2606109Z (Reading database ... 20%
Linux Build	Run sudo apt-get update -y	2026-01-23T02:35:36.2606374Z (Reading database ... 25%
Linux Build	Run sudo apt-get update -y	2026-01-23T02:35:36.2606641Z (Reading database ... 30%
Linux Build	Run sudo apt-get update -y	2026-01-23T02:35:36.2606907Z (Reading database ... 35%
Linux Build	Run sudo apt-get update -y	2026-01-23T02:35:36.2607175Z (Reading database ... 40%
Linux Build	Run sudo apt-get update -y	2026-01-23T02:35:36.2607434Z (Reading database ... 45%
Linux Build	Run sudo apt-get update -y	2026-01-23T02:35:36.2607707Z (Reading database ... 50%
Linux Build	Run sudo apt-get update -y	2026-01-23T02:35:36.2706232Z (Reading database ... 55%
Linux Build	Run sudo apt-get update -y	2026-01-23T02:35:36.4129131Z (Reading database ... 60%
Linux Build	Run sudo apt-get update -y	2026-01-23T02:35:36.4944465Z (Reading database ... 65%
Linux Build	Run sudo apt-get update -y	2026-01-23T02:35:36.5627484Z (Reading database ... 70%
Linux Build	Run sudo apt-get update -y	2026-01-23T02:35:36.6686525Z (Reading database ... 75%
Linux Build	Run sudo apt-get update -y	2026-01-23T02:35:36.8669927Z (Reading database ... 80%
Linux Build	Run sudo apt-get update -y	2026-01-23T02:35:37.1167272Z (Reading database ... 85%
Linux Build	Run sudo apt-get update -y	2026-01-23T02:35:37.3370344Z (Reading database ... 90%
Linux Build	Run sudo apt-get update -y	2026-01-23T02:35:37.5191922Z (Reading database ... 95%
Linux Build	Run sudo apt-get update -y	2026-01-23T02:35:37.5192305Z (Reading database ... 100%
Linux Build	Run sudo apt-get update -y	2026-01-23T02:35:37.5192689Z (Reading database ... 217173 files and directories currently installed.)
Linux Build	Run sudo apt-get update -y	2026-01-23T02:35:37.5236851Z Preparing to unpack .../bsdutils_1%3a2.39.3-9ubuntu6.4_amd64.deb ...
Linux Build	Run sudo apt-get update -y	2026-01-23T02:35:37.5284728Z Unpacking bsdutils (1:2.39.3-9ubuntu6.4) over (1:2.39.3-9ubuntu6.3) ...
Linux Build	Run sudo apt-get update -y	2026-01-23T02:35:37.6122363Z Setting up bsdutils (1:2.39.3-9ubuntu6.4) ...
Linux Build	Run sudo apt-get update -y	2026-01-23T02:35:37.6472294Z (Reading database ... 
Linux Build	Run sudo apt-get update -y	2026-01-23T02:35:37.6472803Z (Reading database ... 5%
Linux Build	Run sudo apt-get update -y	2026-01-23T02:35:37.6473168Z (Reading database ... 10%
Linux Build	Run sudo apt-get update -y	2026-01-23T02:35:37.6473520Z (Reading database ... 15%
Linux Build	Run sudo apt-get update -y	2026-01-23T02:35:37.6474051Z (Reading database ... 20%
Linux Build	Run sudo apt-get update -y	2026-01-23T02:35:37.6474278Z (Reading database ... 25%
Linux Build	Run sudo apt-get update -y	2026-01-23T02:35:37.6474494Z (Reading database ... 30%
Linux Build	Run sudo apt-get update -y	2026-01-23T02:35:37.6474709Z (Reading database ... 35%
Linux Build	Run sudo apt-get update -y	2026-01-23T02:35:37.6474917Z (Reading database ... 40%
Linux Build	Run sudo apt-get update -y	2026-01-23T02:35:37.6475134Z (Reading database ... 45%
Linux Build	Run sudo apt-get update -y	2026-01-23T02:35:37.6475347Z (Reading database ... 50%
Linux Build	Run sudo apt-get update -y	2026-01-23T02:35:37.6490972Z (Reading database ... 55%
Linux Build	Run sudo apt-get update -y	2026-01-23T02:35:37.6594515Z (Reading database ... 60%
Linux Build	Run sudo apt-get update -y	2026-01-23T02:35:37.6617005Z (Reading database ... 65%
Linux Build	Run sudo apt-get update -y	2026-01-23T02:35:37.6633100Z (Reading database ... 70%
Linux Build	Run sudo apt-get update -y	2026-01-23T02:35:37.6656181Z (Reading database ... 75%
Linux Build	Run sudo apt-get update -y	2026-01-23T02:35:37.6687965Z (Reading database ... 80%
Linux Build	Run sudo apt-get update -y	2026-01-23T02:35:37.6829105Z (Reading database ... 85%
Linux Build	Run sudo apt-get update -y	2026-01-23T02:35:37.7071419Z (Reading database ... 90%
Linux Build	Run sudo apt-get update -y	2026-01-23T02:35:37.7148124Z (Reading database ... 95%
Linux Build	Run sudo apt-get update -y	2026-01-23T02:35:37.7148601Z (Reading database ... 100%
Linux Build	Run sudo apt-get update -y	2026-01-23T02:35:37.7149269Z (Reading database ... 217173 files and directories currently installed.)
Linux Build	Run sudo apt-get update -y	2026-01-23T02:35:37.7190625Z Preparing to unpack .../util-linux_2.39.3-9ubuntu6.4_amd64.deb ...
Linux Build	Run sudo apt-get update -y	2026-01-23T02:35:37.7292972Z Unpacking util-linux (2.39.3-9ubuntu6.4) over (2.39.3-9ubuntu6.3) ...
Linux Build	Run sudo apt-get update -y	2026-01-23T02:35:37.9287141Z Setting up util-linux (2.39.3-9ubuntu6.4) ...
Linux Build	Run sudo apt-get update -y	2026-01-23T02:35:38.6649886Z fstrim.service is a disabled or a static unit not running, not starting it.
Linux Build	Run sudo apt-get update -y	2026-01-23T02:35:38.6986655Z (Reading database ... 
Linux Build	Run sudo apt-get update -y	2026-01-23T02:35:38.6987132Z (Reading database ... 5%
Linux Build	Run sudo apt-get update -y	2026-01-23T02:35:38.6987554Z (Reading database ... 10%
Linux Build	Run sudo apt-get update -y	2026-01-23T02:35:38.6987935Z (Reading database ... 15%
Linux Build	Run sudo apt-get update -y	2026-01-23T02:35:38.6988316Z (Reading database ... 20%
Linux Build	Run sudo apt-get update -y	2026-01-23T02:35:38.6988680Z (Reading database ... 25%
Linux Build	Run sudo apt-get update -y	2026-01-23T02:35:38.6989036Z (Reading database ... 30%
Linux Build	Run sudo apt-get update -y	2026-01-23T02:35:38.6989397Z (Reading database ... 35%
Linux Build	Run sudo apt-get update -y	2026-01-23T02:35:38.6989766Z (Reading database ... 40%
Linux Build	Run sudo apt-get update -y	2026-01-23T02:35:38.6990115Z (Reading database ... 45%
Linux Build	Run sudo apt-get update -y	2026-01-23T02:35:38.6990438Z (Reading database ... 50%
Linux Build	Run sudo apt-get update -y	2026-01-23T02:35:38.7005862Z (Reading database ... 55%
Linux Build	Run sudo apt-get update -y	2026-01-23T02:35:38.7116740Z (Reading database ... 60%
Linux Build	Run sudo apt-get update -y	2026-01-23T02:35:38.7141809Z (Reading database ... 65%
Linux Build	Run sudo apt-get update -y	2026-01-23T02:35:38.7159859Z (Reading database ... 70%
Linux Build	Run sudo apt-get update -y	2026-01-23T02:35:38.7185560Z (Reading database ... 75%
Linux Build	Run sudo apt-get update -y	2026-01-23T02:35:38.7222784Z (Reading database ... 80%
Linux Build	Run sudo apt-get update -y	2026-01-23T02:35:38.7377405Z (Reading database ... 85%
Linux Build	Run sudo apt-get update -y	2026-01-23T02:35:38.7634032Z (Reading database ... 90%
Linux Build	Run sudo apt-get update -y	2026-01-23T02:35:38.7712941Z (Reading database ... 95%
Linux Build	Run sudo apt-get update -y	2026-01-23T02:35:38.7713383Z (Reading database ... 100%
Linux Build	Run sudo apt-get update -y	2026-01-23T02:35:38.7714395Z (Reading database ... 217173 files and directories currently installed.)
Linux Build	Run sudo apt-get update -y	2026-01-23T02:35:38.7756029Z Preparing to unpack .../mount_2.39.3-9ubuntu6.4_amd64.deb ...
Linux Build	Run sudo apt-get update -y	2026-01-23T02:35:38.7789851Z Unpacking mount (2.39.3-9ubuntu6.4) over (2.39.3-9ubuntu6.3) ...
Linux Build	Run sudo apt-get update -y	2026-01-23T02:35:38.8282578Z Preparing to unpack .../libsmartcols1_2.39.3-9ubuntu6.4_amd64.deb ...
Linux Build	Run sudo apt-get update -y	2026-01-23T02:35:38.8333332Z Unpacking libsmartcols1:amd64 (2.39.3-9ubuntu6.4) over (2.39.3-9ubuntu6.3) ...
Linux Build	Run sudo apt-get update -y	2026-01-23T02:35:38.8776413Z Setting up libsmartcols1:amd64 (2.39.3-9ubuntu6.4) ...
Linux Build	Run sudo apt-get update -y	2026-01-23T02:35:38.9122298Z (Reading database ... 
Linux Build	Run sudo apt-get update -y	2026-01-23T02:35:38.9122745Z (Reading database ... 5%
Linux Build	Run sudo apt-get update -y	2026-01-23T02:35:38.9123106Z (Reading database ... 10%
Linux Build	Run sudo apt-get update -y	2026-01-23T02:35:38.9123533Z (Reading database ... 15%
Linux Build	Run sudo apt-get update -y	2026-01-23T02:35:38.9124050Z (Reading database ... 20%
Linux Build	Run sudo apt-get update -y	2026-01-23T02:35:38.9124405Z (Reading database ... 25%
Linux Build	Run sudo apt-get update -y	2026-01-23T02:35:38.9124777Z (Reading database ... 30%
Linux Build	Run sudo apt-get update -y	2026-01-23T02:35:38.9125596Z (Reading database ... 35%
Linux Build	Run sudo apt-get update -y	2026-01-23T02:35:38.9125964Z (Reading database ... 40%
Linux Build	Run sudo apt-get update -y	2026-01-23T02:35:38.9126347Z (Reading database ... 45%
Linux Build	Run sudo apt-get update -y	2026-01-23T02:35:38.9126677Z (Reading database ... 50%
Linux Build	Run sudo apt-get update -y	2026-01-23T02:35:38.9140376Z (Reading database ... 55%
Linux Build	Run sudo apt-get update -y	2026-01-23T02:35:38.9244063Z (Reading database ... 60%
Linux Build	Run sudo apt-get update -y	2026-01-23T02:35:38.9267593Z (Reading database ... 65%
Linux Build	Run sudo apt-get update -y	2026-01-23T02:35:38.9285035Z (Reading database ... 70%
Linux Build	Run sudo apt-get update -y	2026-01-23T02:35:38.9309643Z (Reading database ... 75%
Linux Build	Run sudo apt-get update -y	2026-01-23T02:35:38.9344514Z (Reading database ... 80%
Linux Build	Run sudo apt-get update -y	2026-01-23T02:35:38.9498795Z (Reading database ... 85%
Linux Build	Run sudo apt-get update -y	2026-01-23T02:35:38.9737885Z (Reading database ... 90%
Linux Build	Run sudo apt-get update -y	2026-01-23T02:35:38.9819824Z (Reading database ... 95%
Linux Build	Run sudo apt-get update -y	2026-01-23T02:35:38.9820209Z (Reading database ... 100%
Linux Build	Run sudo apt-get update -y	2026-01-23T02:35:38.9820624Z (Reading database ... 217173 files and directories currently installed.)
Linux Build	Run sudo apt-get update -y	2026-01-23T02:35:38.9863463Z Preparing to unpack .../libuuid1_2.39.3-9ubuntu6.4_amd64.deb ...
Linux Build	Run sudo apt-get update -y	2026-01-23T02:35:38.9934153Z Unpacking libuuid1:amd64 (2.39.3-9ubuntu6.4) over (2.39.3-9ubuntu6.3) ...
Linux Build	Run sudo apt-get update -y	2026-01-23T02:35:39.0339207Z Setting up libuuid1:amd64 (2.39.3-9ubuntu6.4) ...
Linux Build	Run sudo apt-get update -y	2026-01-23T02:35:39.0677755Z (Reading database ... 
Linux Build	Run sudo apt-get update -y	2026-01-23T02:35:39.0678237Z (Reading database ... 5%
Linux Build	Run sudo apt-get update -y	2026-01-23T02:35:39.0678608Z (Reading database ... 10%
Linux Build	Run sudo apt-get update -y	2026-01-23T02:35:39.0678969Z (Reading database ... 15%
Linux Build	Run sudo apt-get update -y	2026-01-23T02:35:39.0679311Z (Reading database ... 20%
Linux Build	Run sudo apt-get update -y	2026-01-23T02:35:39.0679662Z (Reading database ... 25%
Linux Build	Run sudo apt-get update -y	2026-01-23T02:35:39.0680004Z (Reading database ... 30%
Linux Build	Run sudo apt-get update -y	2026-01-23T02:35:39.0680379Z (Reading database ... 35%
Linux Build	Run sudo apt-get update -y	2026-01-23T02:35:39.0680718Z (Reading database ... 40%
Linux Build	Run sudo apt-get update -y	2026-01-23T02:35:39.0681067Z (Reading database ... 45%
Linux Build	Run sudo apt-get update -y	2026-01-23T02:35:39.0681414Z (Reading database ... 50%
Linux Build	Run sudo apt-get update -y	2026-01-23T02:35:39.0696054Z (Reading database ... 55%
Linux Build	Run sudo apt-get update -y	2026-01-23T02:35:39.0803965Z (Reading database ... 60%
Linux Build	Run sudo apt-get update -y	2026-01-23T02:35:39.0829040Z (Reading database ... 65%
Linux Build	Run sudo apt-get update -y	2026-01-23T02:35:39.0847338Z (Reading database ... 70%
Linux Build	Run sudo apt-get update -y	2026-01-23T02:35:39.0873239Z (Reading database ... 75%
Linux Build	Run sudo apt-get update -y	2026-01-23T02:35:39.0911400Z (Reading database ... 80%
Linux Build	Run sudo apt-get update -y	2026-01-23T02:35:39.1091297Z (Reading database ... 85%
Linux Build	Run sudo apt-get update -y	2026-01-23T02:35:39.1349059Z (Reading database ... 90%
Linux Build	Run sudo apt-get update -y	2026-01-23T02:35:39.1431110Z (Reading database ... 95%
Linux Build	Run sudo apt-get update -y	2026-01-23T02:35:39.1431509Z (Reading database ... 100%
Linux Build	Run sudo apt-get update -y	2026-01-23T02:35:39.1432022Z (Reading database ... 217173 files and directories currently installed.)
Linux Build	Run sudo apt-get update -y	2026-01-23T02:35:39.1475761Z Preparing to unpack .../uuid-runtime_2.39.3-9ubuntu6.4_amd64.deb ...
Linux Build	Run sudo apt-get update -y	2026-01-23T02:35:39.1553190Z Unpacking uuid-runtime (2.39.3-9ubuntu6.4) over (2.39.3-9ubuntu6.3) ...
Linux Build	Run sudo apt-get update -y	2026-01-23T02:35:39.2002115Z Preparing to unpack .../libblkid1_2.39.3-9ubuntu6.4_amd64.deb ...
Linux Build	Run sudo apt-get update -y	2026-01-23T02:35:39.2115255Z Unpacking libblkid1:amd64 (2.39.3-9ubuntu6.4) over (2.39.3-9ubuntu6.3) ...
Linux Build	Run sudo apt-get update -y	2026-01-23T02:35:39.2530256Z Setting up libblkid1:amd64 (2.39.3-9ubuntu6.4) ...
Linux Build	Run sudo apt-get update -y	2026-01-23T02:35:39.2864138Z (Reading database ... 
Linux Build	Run sudo apt-get update -y	2026-01-23T02:35:39.2864640Z (Reading database ... 5%
Linux Build	Run sudo apt-get update -y	2026-01-23T02:35:39.2865080Z (Reading database ... 10%
Linux Build	Run sudo apt-get update -y	2026-01-23T02:35:39.2865457Z (Reading database ... 15%
Linux Build	Run sudo apt-get update -y	2026-01-23T02:35:39.2865822Z (Reading database ... 20%
Linux Build	Run sudo apt-get update -y	2026-01-23T02:35:39.2866463Z (Reading database ... 25%
Linux Build	Run sudo apt-get update -y	2026-01-23T02:35:39.2866827Z (Reading database ... 30%
Linux Build	Run sudo apt-get update -y	2026-01-23T02:35:39.2867184Z (Reading database ... 35%
Linux Build	Run sudo apt-get update -y	2026-01-23T02:35:39.2867543Z (Reading database ... 40%
Linux Build	Run sudo apt-get update -y	2026-01-23T02:35:39.2867895Z (Reading database ... 45%
Linux Build	Run sudo apt-get update -y	2026-01-23T02:35:39.2868257Z (Reading database ... 50%
Linux Build	Run sudo apt-get update -y	2026-01-23T02:35:39.2882208Z (Reading database ... 55%
Linux Build	Run sudo apt-get update -y	2026-01-23T02:35:39.3007762Z (Reading database ... 60%
Linux Build	Run sudo apt-get update -y	2026-01-23T02:35:39.3037503Z (Reading database ... 65%
Linux Build	Run sudo apt-get update -y	2026-01-23T02:35:39.3058577Z (Reading database ... 70%
Linux Build	Run sudo apt-get update -y	2026-01-23T02:35:39.3090130Z (Reading database ... 75%
Linux Build	Run sudo apt-get update -y	2026-01-23T02:35:39.3135207Z (Reading database ... 80%
Linux Build	Run sudo apt-get update -y	2026-01-23T02:35:39.3316945Z (Reading database ... 85%
Linux Build	Run sudo apt-get update -y	2026-01-23T02:35:39.3597900Z (Reading database ... 90%
Linux Build	Run sudo apt-get update -y	2026-01-23T02:35:39.3687757Z (Reading database ... 95%
Linux Build	Run sudo apt-get update -y	2026-01-23T02:35:39.3688178Z (Reading database ... 100%
Linux Build	Run sudo apt-get update -y	2026-01-23T02:35:39.3688725Z (Reading database ... 217173 files and directories currently installed.)
Linux Build	Run sudo apt-get update -y	2026-01-23T02:35:39.3731296Z Preparing to unpack .../libmount1_2.39.3-9ubuntu6.4_amd64.deb ...
Linux Build	Run sudo apt-get update -y	2026-01-23T02:35:39.3799495Z Unpacking libmount1:amd64 (2.39.3-9ubuntu6.4) over (2.39.3-9ubuntu6.3) ...
Linux Build	Run sudo apt-get update -y	2026-01-23T02:35:39.4208977Z Setting up libmount1:amd64 (2.39.3-9ubuntu6.4) ...
Linux Build	Run sudo apt-get update -y	2026-01-23T02:35:39.4565438Z (Reading database ... 
Linux Build	Run sudo apt-get update -y	2026-01-23T02:35:39.4565915Z (Reading database ... 5%
Linux Build	Run sudo apt-get update -y	2026-01-23T02:35:39.4566280Z (Reading database ... 10%
Linux Build	Run sudo apt-get update -y	2026-01-23T02:35:39.4566651Z (Reading database ... 15%
Linux Build	Run sudo apt-get update -y	2026-01-23T02:35:39.4567000Z (Reading database ... 20%
Linux Build	Run sudo apt-get update -y	2026-01-23T02:35:39.4567337Z (Reading database ... 25%
Linux Build	Run sudo apt-get update -y	2026-01-23T02:35:39.4567691Z (Reading database ... 30%
Linux Build	Run sudo apt-get update -y	2026-01-23T02:35:39.4568019Z (Reading database ... 35%
Linux Build	Run sudo apt-get update -y	2026-01-23T02:35:39.4568352Z (Reading database ... 40%
Linux Build	Run sudo apt-get update -y	2026-01-23T02:35:39.4568681Z (Reading database ... 45%
Linux Build	Run sudo apt-get update -y	2026-01-23T02:35:39.4569015Z (Reading database ... 50%
Linux Build	Run sudo apt-get update -y	2026-01-23T02:35:39.4583531Z (Reading database ... 55%
Linux Build	Run sudo apt-get update -y	2026-01-23T02:35:39.4690433Z (Reading database ... 60%
Linux Build	Run sudo apt-get update -y	2026-01-23T02:35:39.4713542Z (Reading database ... 65%
Linux Build	Run sudo apt-get update -y	2026-01-23T02:35:39.4731189Z (Reading database ... 70%
Linux Build	Run sudo apt-get update -y	2026-01-23T02:35:39.4755553Z (Reading database ... 75%
Linux Build	Run sudo apt-get update -y	2026-01-23T02:35:39.4790741Z (Reading database ... 80%
Linux Build	Run sudo apt-get update -y	2026-01-23T02:35:39.4949304Z (Reading database ... 85%
Linux Build	Run sudo apt-get update -y	2026-01-23T02:35:39.5196217Z (Reading database ... 90%
Linux Build	Run sudo apt-get update -y	2026-01-23T02:35:39.5282575Z (Reading database ... 95%
Linux Build	Run sudo apt-get update -y	2026-01-23T02:35:39.5283054Z (Reading database ... 100%
Linux Build	Run sudo apt-get update -y	2026-01-23T02:35:39.5283932Z (Reading database ... 217173 files and directories currently installed.)
Linux Build	Run sudo apt-get update -y	2026-01-23T02:35:39.5328045Z Preparing to unpack .../000-eject_2.39.3-9ubuntu6.4_amd64.deb ...
Linux Build	Run sudo apt-get update -y	2026-01-23T02:35:39.5356807Z Unpacking eject (2.39.3-9ubuntu6.4) over (2.39.3-9ubuntu6.3) ...
Linux Build	Run sudo apt-get update -y	2026-01-23T02:35:39.5731170Z Preparing to unpack .../001-libglib2.0-data_2.80.0-6ubuntu3.7_all.deb ...
Linux Build	Run sudo apt-get update -y	2026-01-23T02:35:39.5757556Z Unpacking libglib2.0-data (2.80.0-6ubuntu3.7) over (2.80.0-6ubuntu3.4) ...
Linux Build	Run sudo apt-get update -y	2026-01-23T02:35:39.6103386Z Preparing to unpack .../002-libglib2.0-bin_2.80.0-6ubuntu3.7_amd64.deb ...
Linux Build	Run sudo apt-get update -y	2026-01-23T02:35:39.6128625Z Unpacking libglib2.0-bin (2.80.0-6ubuntu3.7) over (2.80.0-6ubuntu3.4) ...
Linux Build	Run sudo apt-get update -y	2026-01-23T02:35:39.6621410Z Preparing to unpack .../003-gir1.2-glib-2.0_2.80.0-6ubuntu3.7_amd64.deb ...
Linux Build	Run sudo apt-get update -y	2026-01-23T02:35:39.6655261Z Unpacking gir1.2-glib-2.0:amd64 (2.80.0-6ubuntu3.7) over (2.80.0-6ubuntu3.4) ...
Linux Build	Run sudo apt-get update -y	2026-01-23T02:35:39.7109876Z Preparing to unpack .../004-libglib2.0-0t64_2.80.0-6ubuntu3.7_amd64.deb ...
Linux Build	Run sudo apt-get update -y	2026-01-23T02:35:39.7180290Z Unpacking libglib2.0-0t64:amd64 (2.80.0-6ubuntu3.7) over (2.80.0-6ubuntu3.4) ...
Linux Build	Run sudo apt-get update -y	2026-01-23T02:35:39.7756840Z Preparing to unpack .../005-libfdisk1_2.39.3-9ubuntu6.4_amd64.deb ...
Linux Build	Run sudo apt-get update -y	2026-01-23T02:35:39.7783003Z Unpacking libfdisk1:amd64 (2.39.3-9ubuntu6.4) over (2.39.3-9ubuntu6.3) ...
Linux Build	Run sudo apt-get update -y	2026-01-23T02:35:39.8167273Z Preparing to unpack .../006-bsdextrautils_2.39.3-9ubuntu6.4_amd64.deb ...
Linux Build	Run sudo apt-get update -y	2026-01-23T02:35:39.8224687Z Unpacking bsdextrautils (2.39.3-9ubuntu6.4) over (2.39.3-9ubuntu6.3) ...
Linux Build	Run sudo apt-get update -y	2026-01-23T02:35:39.8674867Z Preparing to unpack .../007-libpng16-16t64_1.6.43-5ubuntu0.3_amd64.deb ...
Linux Build	Run sudo apt-get update -y	2026-01-23T02:35:39.8980519Z Unpacking libpng16-16t64:amd64 (1.6.43-5ubuntu0.3) over (1.6.43-5build1) ...
Linux Build	Run sudo apt-get update -y	2026-01-23T02:35:39.9255395Z Selecting previously unselected package bzip2-doc.
Linux Build	Run sudo apt-get update -y	2026-01-23T02:35:39.9391235Z Preparing to unpack .../008-bzip2-doc_1.0.8-5.1build0.1_all.deb ...
Linux Build	Run sudo apt-get update -y	2026-01-23T02:35:39.9401440Z Unpacking bzip2-doc (1.0.8-5.1build0.1) ...
Linux Build	Run sudo apt-get update -y	2026-01-23T02:35:39.9800914Z Preparing to unpack .../009-fdisk_2.39.3-9ubuntu6.4_amd64.deb ...
Linux Build	Run sudo apt-get update -y	2026-01-23T02:35:39.9828788Z Unpacking fdisk (2.39.3-9ubuntu6.4) over (2.39.3-9ubuntu6.3) ...
Linux Build	Run sudo apt-get update -y	2026-01-23T02:35:40.0181924Z Selecting previously unselected package gir1.2-atk-1.0:amd64.
Linux Build	Run sudo apt-get update -y	2026-01-23T02:35:40.0318766Z Preparing to unpack .../010-gir1.2-atk-1.0_2.52.0-1build1_amd64.deb ...
Linux Build	Run sudo apt-get update -y	2026-01-23T02:35:40.0330044Z Unpacking gir1.2-atk-1.0:amd64 (2.52.0-1build1) ...
Linux Build	Run sudo apt-get update -y	2026-01-23T02:35:40.0539361Z Selecting previously unselected package gir1.2-freedesktop:amd64.
Linux Build	Run sudo apt-get update -y	2026-01-23T02:35:40.0676380Z Preparing to unpack .../011-gir1.2-freedesktop_1.80.1-1_amd64.deb ...
Linux Build	Run sudo apt-get update -y	2026-01-23T02:35:40.0686021Z Unpacking gir1.2-freedesktop:amd64 (1.80.1-1) ...
Linux Build	Run sudo apt-get update -y	2026-01-23T02:35:40.0920881Z Selecting previously unselected package gir1.2-atspi-2.0:amd64.
Linux Build	Run sudo apt-get update -y	2026-01-23T02:35:40.1053420Z Preparing to unpack .../012-gir1.2-atspi-2.0_2.52.0-1build1_amd64.deb ...
Linux Build	Run sudo apt-get update -y	2026-01-23T02:35:40.1064724Z Unpacking gir1.2-atspi-2.0:amd64 (2.52.0-1build1) ...
Linux Build	Run sudo apt-get update -y	2026-01-23T02:35:40.1276308Z Selecting previously unselected package gir1.2-glib-2.0-dev:amd64.
Linux Build	Run sudo apt-get update -y	2026-01-23T02:35:40.1408404Z Preparing to unpack .../013-gir1.2-glib-2.0-dev_2.80.0-6ubuntu3.7_amd64.deb ...
Linux Build	Run sudo apt-get update -y	2026-01-23T02:35:40.1417533Z Unpacking gir1.2-glib-2.0-dev:amd64 (2.80.0-6ubuntu3.7) ...
Linux Build	Run sudo apt-get update -y	2026-01-23T02:35:40.1980979Z Selecting previously unselected package gir1.2-freedesktop-dev:amd64.
Linux Build	Run sudo apt-get update -y	2026-01-23T02:35:40.2114914Z Preparing to unpack .../014-gir1.2-freedesktop-dev_1.80.1-1_amd64.deb ...
Linux Build	Run sudo apt-get update -y	2026-01-23T02:35:40.2138706Z Unpacking gir1.2-freedesktop-dev:amd64 (1.80.1-1) ...
Linux Build	Run sudo apt-get update -y	2026-01-23T02:35:40.2360431Z Selecting previously unselected package gir1.2-gdkpixbuf-2.0:amd64.
Linux Build	Run sudo apt-get update -y	2026-01-23T02:35:40.2493486Z Preparing to unpack .../015-gir1.2-gdkpixbuf-2.0_2.42.10+dfsg-3ubuntu3.2_amd64.deb ...
Linux Build	Run sudo apt-get update -y	2026-01-23T02:35:40.2506533Z Unpacking gir1.2-gdkpixbuf-2.0:amd64 (2.42.10+dfsg-3ubuntu3.2) ...
Linux Build	Run sudo apt-get update -y	2026-01-23T02:35:40.2892777Z Selecting previously unselected package libharfbuzz-gobject0:amd64.
Linux Build	Run sudo apt-get update -y	2026-01-23T02:35:40.3025881Z Preparing to unpack .../016-libharfbuzz-gobject0_8.3.0-2build2_amd64.deb ...
Linux Build	Run sudo apt-get update -y	2026-01-23T02:35:40.3038080Z Unpacking libharfbuzz-gobject0:amd64 (8.3.0-2build2) ...
Linux Build	Run sudo apt-get update -y	2026-01-23T02:35:40.3265980Z Selecting previously unselected package gir1.2-harfbuzz-0.0:amd64.
Linux Build	Run sudo apt-get update -y	2026-01-23T02:35:40.3398526Z Preparing to unpack .../017-gir1.2-harfbuzz-0.0_8.3.0-2build2_amd64.deb ...
Linux Build	Run sudo apt-get update -y	2026-01-23T02:35:40.3408825Z Unpacking gir1.2-harfbuzz-0.0:amd64 (8.3.0-2build2) ...
Linux Build	Run sudo apt-get update -y	2026-01-23T02:35:40.3631543Z Selecting previously unselected package libpangoxft-1.0-0:amd64.
Linux Build	Run sudo apt-get update -y	2026-01-23T02:35:40.3767145Z Preparing to unpack .../018-libpangoxft-1.0-0_1.52.1+ds-1build1_amd64.deb ...
Linux Build	Run sudo apt-get update -y	2026-01-23T02:35:40.3775834Z Unpacking libpangoxft-1.0-0:amd64 (1.52.1+ds-1build1) ...
Linux Build	Run sudo apt-get update -y	2026-01-23T02:35:40.3988588Z Selecting previously unselected package gir1.2-pango-1.0:amd64.
Linux Build	Run sudo apt-get update -y	2026-01-23T02:35:40.4123272Z Preparing to unpack .../019-gir1.2-pango-1.0_1.52.1+ds-1build1_amd64.deb ...
Linux Build	Run sudo apt-get update -y	2026-01-23T02:35:40.4133878Z Unpacking gir1.2-pango-1.0:amd64 (1.52.1+ds-1build1) ...
Linux Build	Run sudo apt-get update -y	2026-01-23T02:35:40.4363497Z Selecting previously unselected package gir1.2-gtk-3.0:amd64.
Linux Build	Run sudo apt-get update -y	2026-01-23T02:35:40.4497192Z Preparing to unpack .../020-gir1.2-gtk-3.0_3.24.41-4ubuntu1.3_amd64.deb ...
Linux Build	Run sudo apt-get update -y	2026-01-23T02:35:40.4505309Z Unpacking gir1.2-gtk-3.0:amd64 (3.24.41-4ubuntu1.3) ...
Linux Build	Run sudo apt-get update -y	2026-01-23T02:35:40.4764258Z Selecting previously unselected package libglib2.0-dev-bin.
Linux Build	Run sudo apt-get update -y	2026-01-23T02:35:40.4897900Z Preparing to unpack .../021-libglib2.0-dev-bin_2.80.0-6ubuntu3.7_amd64.deb ...
Linux Build	Run sudo apt-get update -y	2026-01-23T02:35:40.4906685Z Unpacking libglib2.0-dev-bin (2.80.0-6ubuntu3.7) ...
Linux Build	Run sudo apt-get update -y	2026-01-23T02:35:40.5339280Z Selecting previously unselected package uuid-dev:amd64.
Linux Build	Run sudo apt-get update -y	2026-01-23T02:35:40.5471230Z Preparing to unpack .../022-uuid-dev_2.39.3-9ubuntu6.4_amd64.deb ...
Linux Build	Run sudo apt-get update -y	2026-01-23T02:35:40.5499444Z Unpacking uuid-dev:amd64 (2.39.3-9ubuntu6.4) ...
Linux Build	Run sudo apt-get update -y	2026-01-23T02:35:40.5779917Z Selecting previously unselected package libblkid-dev:amd64.
Linux Build	Run sudo apt-get update -y	2026-01-23T02:35:40.5913255Z Preparing to unpack .../023-libblkid-dev_2.39.3-9ubuntu6.4_amd64.deb ...
Linux Build	Run sudo apt-get update -y	2026-01-23T02:35:40.5922909Z Unpacking libblkid-dev:amd64 (2.39.3-9ubuntu6.4) ...
Linux Build	Run sudo apt-get update -y	2026-01-23T02:35:40.6168883Z Selecting previously unselected package libsepol-dev:amd64.
Linux Build	Run sudo apt-get update -y	2026-01-23T02:35:40.6301525Z Preparing to unpack .../024-libsepol-dev_3.5-2build1_amd64.deb ...
Linux Build	Run sudo apt-get update -y	2026-01-23T02:35:40.6314077Z Unpacking libsepol-dev:amd64 (3.5-2build1) ...
Linux Build	Run sudo apt-get update -y	2026-01-23T02:35:40.6651504Z Selecting previously unselected package libselinux1-dev:amd64.
Linux Build	Run sudo apt-get update -y	2026-01-23T02:35:40.6785641Z Preparing to unpack .../025-libselinux1-dev_3.5-2ubuntu2.1_amd64.deb ...
Linux Build	Run sudo apt-get update -y	2026-01-23T02:35:40.6797052Z Unpacking libselinux1-dev:amd64 (3.5-2ubuntu2.1) ...
Linux Build	Run sudo apt-get update -y	2026-01-23T02:35:40.7236788Z Selecting previously unselected package libmount-dev:amd64.
Linux Build	Run sudo apt-get update -y	2026-01-23T02:35:40.7370243Z Preparing to unpack .../026-libmount-dev_2.39.3-9ubuntu6.4_amd64.deb ...
Linux Build	Run sudo apt-get update -y	2026-01-23T02:35:40.7381468Z Unpacking libmount-dev:amd64 (2.39.3-9ubuntu6.4) ...
Linux Build	Run sudo apt-get update -y	2026-01-23T02:35:40.7604118Z Selecting previously unselected package libgirepository-2.0-0:amd64.
Linux Build	Run sudo apt-get update -y	2026-01-23T02:35:40.7737480Z Preparing to unpack .../027-libgirepository-2.0-0_2.80.0-6ubuntu3.7_amd64.deb ...
Linux Build	Run sudo apt-get update -y	2026-01-23T02:35:40.7758828Z Unpacking libgirepository-2.0-0:amd64 (2.80.0-6ubuntu3.7) ...
Linux Build	Run sudo apt-get update -y	2026-01-23T02:35:40.7981319Z Selecting previously unselected package libglib2.0-dev:amd64.
Linux Build	Run sudo apt-get update -y	2026-01-23T02:35:40.8140308Z Preparing to unpack .../028-libglib2.0-dev_2.80.0-6ubuntu3.7_amd64.deb ...
Linux Build	Run sudo apt-get update -y	2026-01-23T02:35:40.8151644Z Unpacking libglib2.0-dev:amd64 (2.80.0-6ubuntu3.7) ...
Linux Build	Run sudo apt-get update -y	2026-01-23T02:35:40.9249404Z Selecting previously unselected package libatk1.0-dev:amd64.
Linux Build	Run sudo apt-get update -y	2026-01-23T02:35:40.9362889Z Preparing to unpack .../029-libatk1.0-dev_2.52.0-1build1_amd64.deb ...
Linux Build	Run sudo apt-get update -y	2026-01-23T02:35:40.9371743Z Unpacking libatk1.0-dev:amd64 (2.52.0-1build1) ...
Linux Build	Run sudo apt-get update -y	2026-01-23T02:35:40.9672657Z Selecting previously unselected package libdbus-1-dev:amd64.
Linux Build	Run sudo apt-get update -y	2026-01-23T02:35:40.9797391Z Preparing to unpack .../030-libdbus-1-dev_1.14.10-4ubuntu4.1_amd64.deb ...
Linux Build	Run sudo apt-get update -y	2026-01-23T02:35:40.9807018Z Unpacking libdbus-1-dev:amd64 (1.14.10-4ubuntu4.1) ...
Linux Build	Run sudo apt-get update -y	2026-01-23T02:35:41.0126214Z Selecting previously unselected package xorg-sgml-doctools.
Linux Build	Run sudo apt-get update -y	2026-01-23T02:35:41.0244321Z Preparing to unpack .../031-xorg-sgml-doctools_1%3a1.11-1.1_all.deb ...
Linux Build	Run sudo apt-get update -y	2026-01-23T02:35:41.0255377Z Unpacking xorg-sgml-doctools (1:1.11-1.1) ...
Linux Build	Run sudo apt-get update -y	2026-01-23T02:35:41.0557817Z Selecting previously unselected package x11proto-dev.
Linux Build	Run sudo apt-get update -y	2026-01-23T02:35:41.0676285Z Preparing to unpack .../032-x11proto-dev_2023.2-1_all.deb ...
Linux Build	Run sudo apt-get update -y	2026-01-23T02:35:41.0684780Z Unpacking x11proto-dev (2023.2-1) ...
Linux Build	Run sudo apt-get update -y	2026-01-23T02:35:41.1240850Z Selecting previously unselected package libxau-dev:amd64.
Linux Build	Run sudo apt-get update -y	2026-01-23T02:35:41.1359373Z Preparing to unpack .../033-libxau-dev_1%3a1.0.9-1build6_amd64.deb ...
Linux Build	Run sudo apt-get update -y	2026-01-23T02:35:41.1369990Z Unpacking libxau-dev:amd64 (1:1.0.9-1build6) ...
Linux Build	Run sudo apt-get update -y	2026-01-23T02:35:41.1577537Z Selecting previously unselected package libxdmcp-dev:amd64.
Linux Build	Run sudo apt-get update -y	2026-01-23T02:35:41.1695561Z Preparing to unpack .../034-libxdmcp-dev_1%3a1.1.3-0ubuntu6_amd64.deb ...
Linux Build	Run sudo apt-get update -y	2026-01-23T02:35:41.1706038Z Unpacking libxdmcp-dev:amd64 (1:1.1.3-0ubuntu6) ...
Linux Build	Run sudo apt-get update -y	2026-01-23T02:35:41.1901285Z Selecting previously unselected package xtrans-dev.
Linux Build	Run sudo apt-get update -y	2026-01-23T02:35:41.2019376Z Preparing to unpack .../035-xtrans-dev_1.4.0-1_all.deb ...
Linux Build	Run sudo apt-get update -y	2026-01-23T02:35:41.2028754Z Unpacking xtrans-dev (1.4.0-1) ...
Linux Build	Run sudo apt-get update -y	2026-01-23T02:35:41.2267397Z Selecting previously unselected package libpthread-stubs0-dev:amd64.
Linux Build	Run sudo apt-get update -y	2026-01-23T02:35:41.2385598Z Preparing to unpack .../036-libpthread-stubs0-dev_0.4-1build3_amd64.deb ...
Linux Build	Run sudo apt-get update -y	2026-01-23T02:35:41.2394913Z Unpacking libpthread-stubs0-dev:amd64 (0.4-1build3) ...
Linux Build	Run sudo apt-get update -y	2026-01-23T02:35:41.2584977Z Selecting previously unselected package libxcb1-dev:amd64.
Linux Build	Run sudo apt-get update -y	2026-01-23T02:35:41.2702812Z Preparing to unpack .../037-libxcb1-dev_1.15-1ubuntu2_amd64.deb ...
Linux Build	Run sudo apt-get update -y	2026-01-23T02:35:41.2714450Z Unpacking libxcb1-dev:amd64 (1.15-1ubuntu2) ...
Linux Build	Run sudo apt-get update -y	2026-01-23T02:35:41.2946451Z Selecting previously unselected package libx11-dev:amd64.
Linux Build	Run sudo apt-get update -y	2026-01-23T02:35:41.3063592Z Preparing to unpack .../038-libx11-dev_2%3a1.8.7-1build1_amd64.deb ...
Linux Build	Run sudo apt-get update -y	2026-01-23T02:35:41.3075287Z Unpacking libx11-dev:amd64 (2:1.8.7-1build1) ...
Linux Build	Run sudo apt-get update -y	2026-01-23T02:35:41.3383033Z Selecting previously unselected package libxext-dev:amd64.
Linux Build	Run sudo apt-get update -y	2026-01-23T02:35:41.3500474Z Preparing to unpack .../039-libxext-dev_2%3a1.3.4-1build2_amd64.deb ...
Linux Build	Run sudo apt-get update -y	2026-01-23T02:35:41.3510409Z Unpacking libxext-dev:amd64 (2:1.3.4-1build2) ...
Linux Build	Run sudo apt-get update -y	2026-01-23T02:35:41.3812398Z Selecting previously unselected package libxfixes-dev:amd64.
Linux Build	Run sudo apt-get update -y	2026-01-23T02:35:41.3931963Z Preparing to unpack .../040-libxfixes-dev_1%3a6.0.0-2build1_amd64.deb ...
Linux Build	Run sudo apt-get update -y	2026-01-23T02:35:41.3943089Z Unpacking libxfixes-dev:amd64 (1:6.0.0-2build1) ...
Linux Build	Run sudo apt-get update -y	2026-01-23T02:35:41.4145481Z Selecting previously unselected package libxi-dev:amd64.
Linux Build	Run sudo apt-get update -y	2026-01-23T02:35:41.4263489Z Preparing to unpack .../041-libxi-dev_2%3a1.8.1-1build1_amd64.deb ...
Linux Build	Run sudo apt-get update -y	2026-01-23T02:35:41.4273494Z Unpacking libxi-dev:amd64 (2:1.8.1-1build1) ...
Linux Build	Run sudo apt-get update -y	2026-01-23T02:35:41.4710386Z Selecting previously unselected package libxtst-dev:amd64.
Linux Build	Run sudo apt-get update -y	2026-01-23T02:35:41.4828599Z Preparing to unpack .../042-libxtst-dev_2%3a1.2.3-1.1build1_amd64.deb ...
Linux Build	Run sudo apt-get update -y	2026-01-23T02:35:41.4839086Z Unpacking libxtst-dev:amd64 (2:1.2.3-1.1build1) ...
Linux Build	Run sudo apt-get update -y	2026-01-23T02:35:41.5051583Z Selecting previously unselected package libatspi2.0-dev:amd64.
Linux Build	Run sudo apt-get update -y	2026-01-23T02:35:41.5187856Z Preparing to unpack .../043-libatspi2.0-dev_2.52.0-1build1_amd64.deb ...
Linux Build	Run sudo apt-get update -y	2026-01-23T02:35:41.5196894Z Unpacking libatspi2.0-dev:amd64 (2.52.0-1build1) ...
Linux Build	Run sudo apt-get update -y	2026-01-23T02:35:41.5477739Z Selecting previously unselected package libatk-bridge2.0-dev:amd64.
Linux Build	Run sudo apt-get update -y	2026-01-23T02:35:41.5601629Z Preparing to unpack .../044-libatk-bridge2.0-dev_2.52.0-1build1_amd64.deb ...
Linux Build	Run sudo apt-get update -y	2026-01-23T02:35:41.5618111Z Unpacking libatk-bridge2.0-dev:amd64 (2.52.0-1build1) ...
Linux Build	Run sudo apt-get update -y	2026-01-23T02:35:41.5825354Z Selecting previously unselected package libbrotli-dev:amd64.
Linux Build	Run sudo apt-get update -y	2026-01-23T02:35:41.5947642Z Preparing to unpack .../045-libbrotli-dev_1.1.0-2build2_amd64.deb ...
Linux Build	Run sudo apt-get update -y	2026-01-23T02:35:41.5960004Z Unpacking libbrotli-dev:amd64 (1.1.0-2build2) ...
Linux Build	Run sudo apt-get update -y	2026-01-23T02:35:41.6223126Z Selecting previously unselected package libbz2-dev:amd64.
Linux Build	Run sudo apt-get update -y	2026-01-23T02:35:41.6347149Z Preparing to unpack .../046-libbz2-dev_1.0.8-5.1build0.1_amd64.deb ...
Linux Build	Run sudo apt-get update -y	2026-01-23T02:35:41.6355519Z Unpacking libbz2-dev:amd64 (1.0.8-5.1build0.1) ...
Linux Build	Run sudo apt-get update -y	2026-01-23T02:35:41.6570231Z Selecting previously unselected package libcairo-script-interpreter2:amd64.
Linux Build	Run sudo apt-get update -y	2026-01-23T02:35:41.6693329Z Preparing to unpack .../047-libcairo-script-interpreter2_1.18.0-3build1_amd64.deb ...
Linux Build	Run sudo apt-get update -y	2026-01-23T02:35:41.6704452Z Unpacking libcairo-script-interpreter2:amd64 (1.18.0-3build1) ...
Linux Build	Run sudo apt-get update -y	2026-01-23T02:35:41.6909518Z Selecting previously unselected package libpng-dev:amd64.
Linux Build	Run sudo apt-get update -y	2026-01-23T02:35:41.7032121Z Preparing to unpack .../048-libpng-dev_1.6.43-5ubuntu0.3_amd64.deb ...
Linux Build	Run sudo apt-get update -y	2026-01-23T02:35:41.7042075Z Unpacking libpng-dev:amd64 (1.6.43-5ubuntu0.3) ...
Linux Build	Run sudo apt-get update -y	2026-01-23T02:35:41.7329026Z Selecting previously unselected package libfreetype-dev:amd64.
Linux Build	Run sudo apt-get update -y	2026-01-23T02:35:41.7451404Z Preparing to unpack .../049-libfreetype-dev_2.13.2+dfsg-1build3_amd64.deb ...
Linux Build	Run sudo apt-get update -y	2026-01-23T02:35:41.7460695Z Unpacking libfreetype-dev:amd64 (2.13.2+dfsg-1build3) ...
Linux Build	Run sudo apt-get update -y	2026-01-23T02:35:41.7812132Z Selecting previously unselected package libfontconfig-dev:amd64.
Linux Build	Run sudo apt-get update -y	2026-01-23T02:35:41.7936259Z Preparing to unpack .../050-libfontconfig-dev_2.15.0-1.1ubuntu2_amd64.deb ...
Linux Build	Run sudo apt-get update -y	2026-01-23T02:35:41.7946061Z Unpacking libfontconfig-dev:amd64 (2.15.0-1.1ubuntu2) ...
Linux Build	Run sudo apt-get update -y	2026-01-23T02:35:41.8186035Z Selecting previously unselected package libpixman-1-dev:amd64.
Linux Build	Run sudo apt-get update -y	2026-01-23T02:35:41.8307245Z Preparing to unpack .../051-libpixman-1-dev_0.42.2-1build1_amd64.deb ...
Linux Build	Run sudo apt-get update -y	2026-01-23T02:35:41.8331045Z Unpacking libpixman-1-dev:amd64 (0.42.2-1build1) ...
Linux Build	Run sudo apt-get update -y	2026-01-23T02:35:41.8571205Z Selecting previously unselected package libice-dev:amd64.
Linux Build	Run sudo apt-get update -y	2026-01-23T02:35:41.8693308Z Preparing to unpack .../052-libice-dev_2%3a1.0.10-1build3_amd64.deb ...
Linux Build	Run sudo apt-get update -y	2026-01-23T02:35:41.8705049Z Unpacking libice-dev:amd64 (2:1.0.10-1build3) ...
Linux Build	Run sudo apt-get update -y	2026-01-23T02:35:41.8941162Z Selecting previously unselected package libsm-dev:amd64.
Linux Build	Run sudo apt-get update -y	2026-01-23T02:35:41.9063994Z Preparing to unpack .../053-libsm-dev_2%3a1.2.3-1build3_amd64.deb ...
Linux Build	Run sudo apt-get update -y	2026-01-23T02:35:41.9072300Z Unpacking libsm-dev:amd64 (2:1.2.3-1build3) ...
Linux Build	Run sudo apt-get update -y	2026-01-23T02:35:41.9290718Z Selecting previously unselected package libxcb-render0-dev:amd64.
Linux Build	Run sudo apt-get update -y	2026-01-23T02:35:41.9412825Z Preparing to unpack .../054-libxcb-render0-dev_1.15-1ubuntu2_amd64.deb ...
Linux Build	Run sudo apt-get update -y	2026-01-23T02:35:41.9422061Z Unpacking libxcb-render0-dev:amd64 (1.15-1ubuntu2) ...
Linux Build	Run sudo apt-get update -y	2026-01-23T02:35:41.9621137Z Selecting previously unselected package libxcb-shm0-dev:amd64.
Linux Build	Run sudo apt-get update -y	2026-01-23T02:35:41.9743160Z Preparing to unpack .../055-libxcb-shm0-dev_1.15-1ubuntu2_amd64.deb ...
Linux Build	Run sudo apt-get update -y	2026-01-23T02:35:41.9755839Z Unpacking libxcb-shm0-dev:amd64 (1.15-1ubuntu2) ...
Linux Build	Run sudo apt-get update -y	2026-01-23T02:35:41.9960795Z Selecting previously unselected package libxrender-dev:amd64.
Linux Build	Run sudo apt-get update -y	2026-01-23T02:35:42.0082141Z Preparing to unpack .../056-libxrender-dev_1%3a0.9.10-1.1build1_amd64.deb ...
Linux Build	Run sudo apt-get update -y	2026-01-23T02:35:42.0094342Z Unpacking libxrender-dev:amd64 (1:0.9.10-1.1build1) ...
Linux Build	Run sudo apt-get update -y	2026-01-23T02:35:42.0309532Z Selecting previously unselected package libcairo2-dev:amd64.
Linux Build	Run sudo apt-get update -y	2026-01-23T02:35:42.0429781Z Preparing to unpack .../057-libcairo2-dev_1.18.0-3build1_amd64.deb ...
Linux Build	Run sudo apt-get update -y	2026-01-23T02:35:42.0440569Z Unpacking libcairo2-dev:amd64 (1.18.0-3build1) ...
Linux Build	Run sudo apt-get update -y	2026-01-23T02:35:42.0691327Z Selecting previously unselected package libdatrie-dev:amd64.
Linux Build	Run sudo apt-get update -y	2026-01-23T02:35:42.0812781Z Preparing to unpack .../058-libdatrie-dev_0.2.13-3build1_amd64.deb ...
Linux Build	Run sudo apt-get update -y	2026-01-23T02:35:42.0825200Z Unpacking libdatrie-dev:amd64 (0.2.13-3build1) ...
Linux Build	Run sudo apt-get update -y	2026-01-23T02:35:42.1016983Z Selecting previously unselected package libdeflate-dev:amd64.
Linux Build	Run sudo apt-get update -y	2026-01-23T02:35:42.1139076Z Preparing to unpack .../059-libdeflate-dev_1.19-1build1.1_amd64.deb ...
Linux Build	Run sudo apt-get update -y	2026-01-23T02:35:42.1150056Z Unpacking libdeflate-dev:amd64 (1.19-1build1.1) ...
Linux Build	Run sudo apt-get update -y	2026-01-23T02:35:42.1370547Z Selecting previously unselected package libegl-mesa0:amd64.
Linux Build	Run sudo apt-get update -y	2026-01-23T02:35:42.1492044Z Preparing to unpack .../060-libegl-mesa0_25.0.7-0ubuntu0.24.04.2_amd64.deb ...
Linux Build	Run sudo apt-get update -y	2026-01-23T02:35:42.1504108Z Unpacking libegl-mesa0:amd64 (25.0.7-0ubuntu0.24.04.2) ...
Linux Build	Run sudo apt-get update -y	2026-01-23T02:35:42.1749325Z Selecting previously unselected package libegl1:amd64.
Linux Build	Run sudo apt-get update -y	2026-01-23T02:35:42.1870724Z Preparing to unpack .../061-libegl1_1.7.0-1build1_amd64.deb ...
Linux Build	Run sudo apt-get update -y	2026-01-23T02:35:42.1882156Z Unpacking libegl1:amd64 (1.7.0-1build1) ...
Linux Build	Run sudo apt-get update -y	2026-01-23T02:35:42.2078222Z Selecting previously unselected package libglx-dev:amd64.
Linux Build	Run sudo apt-get update -y	2026-01-23T02:35:42.2202170Z Preparing to unpack .../062-libglx-dev_1.7.0-1build1_amd64.deb ...
Linux Build	Run sudo apt-get update -y	2026-01-23T02:35:42.2211248Z Unpacking libglx-dev:amd64 (1.7.0-1build1) ...
Linux Build	Run sudo apt-get update -y	2026-01-23T02:35:42.2418321Z Selecting previously unselected package libgl-dev:amd64.
Linux Build	Run sudo apt-get update -y	2026-01-23T02:35:42.2539337Z Preparing to unpack .../063-libgl-dev_1.7.0-1build1_amd64.deb ...
Linux Build	Run sudo apt-get update -y	2026-01-23T02:35:42.2550387Z Unpacking libgl-dev:amd64 (1.7.0-1build1) ...
Linux Build	Run sudo apt-get update -y	2026-01-23T02:35:42.2803928Z Selecting previously unselected package libegl-dev:amd64.
Linux Build	Run sudo apt-get update -y	2026-01-23T02:35:42.2926742Z Preparing to unpack .../064-libegl-dev_1.7.0-1build1_amd64.deb ...
Linux Build	Run sudo apt-get update -y	2026-01-23T02:35:42.2936513Z Unpacking libegl-dev:amd64 (1.7.0-1build1) ...
Linux Build	Run sudo apt-get update -y	2026-01-23T02:35:42.3151882Z Selecting previously unselected package libglvnd-core-dev:amd64.
Linux Build	Run sudo apt-get update -y	2026-01-23T02:35:42.3274295Z Preparing to unpack .../065-libglvnd-core-dev_1.7.0-1build1_amd64.deb ...
Linux Build	Run sudo apt-get update -y	2026-01-23T02:35:42.3283076Z Unpacking libglvnd-core-dev:amd64 (1.7.0-1build1) ...
Linux Build	Run sudo apt-get update -y	2026-01-23T02:35:42.3501609Z Selecting previously unselected package libgles1:amd64.
Linux Build	Run sudo apt-get update -y	2026-01-23T02:35:42.3623316Z Preparing to unpack .../066-libgles1_1.7.0-1build1_amd64.deb ...
Linux Build	Run sudo apt-get update -y	2026-01-23T02:35:42.3632993Z Unpacking libgles1:amd64 (1.7.0-1build1) ...
Linux Build	Run sudo apt-get update -y	2026-01-23T02:35:42.3855790Z Selecting previously unselected package libgles2:amd64.
Linux Build	Run sudo apt-get update -y	2026-01-23T02:35:42.3978045Z Preparing to unpack .../067-libgles2_1.7.0-1build1_amd64.deb ...
Linux Build	Run sudo apt-get update -y	2026-01-23T02:35:42.3987755Z Unpacking libgles2:amd64 (1.7.0-1build1) ...
Linux Build	Run sudo apt-get update -y	2026-01-23T02:35:42.4187698Z Selecting previously unselected package libgles-dev:amd64.
Linux Build	Run sudo apt-get update -y	2026-01-23T02:35:42.4309431Z Preparing to unpack .../068-libgles-dev_1.7.0-1build1_amd64.deb ...
Linux Build	Run sudo apt-get update -y	2026-01-23T02:35:42.4319841Z Unpacking libgles-dev:amd64 (1.7.0-1build1) ...
Linux Build	Run sudo apt-get update -y	2026-01-23T02:35:42.4572309Z Selecting previously unselected package libopengl0:amd64.
Linux Build	Run sudo apt-get update -y	2026-01-23T02:35:42.4695499Z Preparing to unpack .../069-libopengl0_1.7.0-1build1_amd64.deb ...
Linux Build	Run sudo apt-get update -y	2026-01-23T02:35:42.4705593Z Unpacking libopengl0:amd64 (1.7.0-1build1) ...
Linux Build	Run sudo apt-get update -y	2026-01-23T02:35:42.4923099Z Selecting previously unselected package libopengl-dev:amd64.
Linux Build	Run sudo apt-get update -y	2026-01-23T02:35:42.5044909Z Preparing to unpack .../070-libopengl-dev_1.7.0-1build1_amd64.deb ...
Linux Build	Run sudo apt-get update -y	2026-01-23T02:35:42.5053266Z Unpacking libopengl-dev:amd64 (1.7.0-1build1) ...
Linux Build	Run sudo apt-get update -y	2026-01-23T02:35:42.5249316Z Selecting previously unselected package libglvnd-dev:amd64.
Linux Build	Run sudo apt-get update -y	2026-01-23T02:35:42.5370874Z Preparing to unpack .../071-libglvnd-dev_1.7.0-1build1_amd64.deb ...
Linux Build	Run sudo apt-get update -y	2026-01-23T02:35:42.5379371Z Unpacking libglvnd-dev:amd64 (1.7.0-1build1) ...
Linux Build	Run sudo apt-get update -y	2026-01-23T02:35:42.5586107Z Selecting previously unselected package libegl1-mesa-dev:amd64.
Linux Build	Run sudo apt-get update -y	2026-01-23T02:35:42.5708588Z Preparing to unpack .../072-libegl1-mesa-dev_25.0.7-0ubuntu0.24.04.2_amd64.deb ...
Linux Build	Run sudo apt-get update -y	2026-01-23T02:35:42.5720309Z Unpacking libegl1-mesa-dev:amd64 (25.0.7-0ubuntu0.24.04.2) ...
Linux Build	Run sudo apt-get update -y	2026-01-23T02:35:42.6049569Z Selecting previously unselected package libepoxy-dev:amd64.
Linux Build	Run sudo apt-get update -y	2026-01-23T02:35:42.6172321Z Preparing to unpack .../073-libepoxy-dev_1.5.10-1build1_amd64.deb ...
Linux Build	Run sudo apt-get update -y	2026-01-23T02:35:42.6188470Z Unpacking libepoxy-dev:amd64 (1.5.10-1build1) ...
Linux Build	Run sudo apt-get update -y	2026-01-23T02:35:42.6452203Z Selecting previously unselected package libfribidi-dev:amd64.
Linux Build	Run sudo apt-get update -y	2026-01-23T02:35:42.6573677Z Preparing to unpack .../074-libfribidi-dev_1.0.13-3build1_amd64.deb ...
Linux Build	Run sudo apt-get update -y	2026-01-23T02:35:42.6582141Z Unpacking libfribidi-dev:amd64 (1.0.13-3build1) ...
Linux Build	Run sudo apt-get update -y	2026-01-23T02:35:42.6868444Z Selecting previously unselected package libgdk-pixbuf2.0-bin.
Linux Build	Run sudo apt-get update -y	2026-01-23T02:35:42.6991427Z Preparing to unpack .../075-libgdk-pixbuf2.0-bin_2.42.10+dfsg-3ubuntu3.2_amd64.deb ...
Linux Build	Run sudo apt-get update -y	2026-01-23T02:35:42.7003902Z Unpacking libgdk-pixbuf2.0-bin (2.42.10+dfsg-3ubuntu3.2) ...
Linux Build	Run sudo apt-get update -y	2026-01-23T02:35:42.7256535Z Selecting previously unselected package libjpeg-turbo8-dev:amd64.
Linux Build	Run sudo apt-get update -y	2026-01-23T02:35:42.7379207Z Preparing to unpack .../076-libjpeg-turbo8-dev_2.1.5-2ubuntu2_amd64.deb ...
Linux Build	Run sudo apt-get update -y	2026-01-23T02:35:42.7389042Z Unpacking libjpeg-turbo8-dev:amd64 (2.1.5-2ubuntu2) ...
Linux Build	Run sudo apt-get update -y	2026-01-23T02:35:42.7658816Z Selecting previously unselected package libjpeg8-dev:amd64.
Linux Build	Run sudo apt-get update -y	2026-01-23T02:35:42.7781004Z Preparing to unpack .../077-libjpeg8-dev_8c-2ubuntu11_amd64.deb ...
Linux Build	Run sudo apt-get update -y	2026-01-23T02:35:42.7807516Z Unpacking libjpeg8-dev:amd64 (8c-2ubuntu11) ...
Linux Build	Run sudo apt-get update -y	2026-01-23T02:35:42.8001625Z Selecting previously unselected package libjpeg-dev:amd64.
Linux Build	Run sudo apt-get update -y	2026-01-23T02:35:42.8124381Z Preparing to unpack .../078-libjpeg-dev_8c-2ubuntu11_amd64.deb ...
Linux Build	Run sudo apt-get update -y	2026-01-23T02:35:42.8133517Z Unpacking libjpeg-dev:amd64 (8c-2ubuntu11) ...
Linux Build	Run sudo apt-get update -y	2026-01-23T02:35:42.8328729Z Selecting previously unselected package libjbig-dev:amd64.
Linux Build	Run sudo apt-get update -y	2026-01-23T02:35:42.8451976Z Preparing to unpack .../079-libjbig-dev_2.1-6.1ubuntu2_amd64.deb ...
Linux Build	Run sudo apt-get update -y	2026-01-23T02:35:42.8466879Z Unpacking libjbig-dev:amd64 (2.1-6.1ubuntu2) ...
Linux Build	Run sudo apt-get update -y	2026-01-23T02:35:42.8670245Z Selecting previously unselected package liblzma-dev:amd64.
Linux Build	Run sudo apt-get update -y	2026-01-23T02:35:42.8792076Z Preparing to unpack .../080-liblzma-dev_5.6.1+really5.4.5-1ubuntu0.2_amd64.deb ...
Linux Build	Run sudo apt-get update -y	2026-01-23T02:35:42.8803189Z Unpacking liblzma-dev:amd64 (5.6.1+really5.4.5-1ubuntu0.2) ...
Linux Build	Run sudo apt-get update -y	2026-01-23T02:35:42.9158166Z Selecting previously unselected package libwebpdecoder3:amd64.
Linux Build	Run sudo apt-get update -y	2026-01-23T02:35:42.9281487Z Preparing to unpack .../081-libwebpdecoder3_1.3.2-0.4build3_amd64.deb ...
Linux Build	Run sudo apt-get update -y	2026-01-23T02:35:42.9292936Z Unpacking libwebpdecoder3:amd64 (1.3.2-0.4build3) ...
Linux Build	Run sudo apt-get update -y	2026-01-23T02:35:42.9504492Z Selecting previously unselected package libsharpyuv-dev:amd64.
Linux Build	Run sudo apt-get update -y	2026-01-23T02:35:42.9626041Z Preparing to unpack .../082-libsharpyuv-dev_1.3.2-0.4build3_amd64.deb ...
Linux Build	Run sudo apt-get update -y	2026-01-23T02:35:42.9635104Z Unpacking libsharpyuv-dev:amd64 (1.3.2-0.4build3) ...
Linux Build	Run sudo apt-get update -y	2026-01-23T02:35:42.9841689Z Selecting previously unselected package libwebp-dev:amd64.
Linux Build	Run sudo apt-get update -y	2026-01-23T02:35:42.9963469Z Preparing to unpack .../083-libwebp-dev_1.3.2-0.4build3_amd64.deb ...
Linux Build	Run sudo apt-get update -y	2026-01-23T02:35:42.9974320Z Unpacking libwebp-dev:amd64 (1.3.2-0.4build3) ...
Linux Build	Run sudo apt-get update -y	2026-01-23T02:35:43.0313155Z Selecting previously unselected package libtiffxx6:amd64.
Linux Build	Run sudo apt-get update -y	2026-01-23T02:35:43.0435720Z Preparing to unpack .../084-libtiffxx6_4.5.1+git230720-4ubuntu2.4_amd64.deb ...
Linux Build	Run sudo apt-get update -y	2026-01-23T02:35:43.0445226Z Unpacking libtiffxx6:amd64 (4.5.1+git230720-4ubuntu2.4) ...
Linux Build	Run sudo apt-get update -y	2026-01-23T02:35:43.0647611Z Selecting previously unselected package liblerc-dev:amd64.
Linux Build	Run sudo apt-get update -y	2026-01-23T02:35:43.0769827Z Preparing to unpack .../085-liblerc-dev_4.0.0+ds-4ubuntu2_amd64.deb ...
Linux Build	Run sudo apt-get update -y	2026-01-23T02:35:43.0780335Z Unpacking liblerc-dev:amd64 (4.0.0+ds-4ubuntu2) ...
Linux Build	Run sudo apt-get update -y	2026-01-23T02:35:43.1032341Z Selecting previously unselected package libtiff-dev:amd64.
Linux Build	Run sudo apt-get update -y	2026-01-23T02:35:43.1155365Z Preparing to unpack .../086-libtiff-dev_4.5.1+git230720-4ubuntu2.4_amd64.deb ...
Linux Build	Run sudo apt-get update -y	2026-01-23T02:35:43.1186325Z Unpacking libtiff-dev:amd64 (4.5.1+git230720-4ubuntu2.4) ...
Linux Build	Run sudo apt-get update -y	2026-01-23T02:35:43.1530784Z Selecting previously unselected package libgdk-pixbuf-2.0-dev:amd64.
Linux Build	Run sudo apt-get update -y	2026-01-23T02:35:43.1652752Z Preparing to unpack .../087-libgdk-pixbuf-2.0-dev_2.42.10+dfsg-3ubuntu3.2_amd64.deb ...
Linux Build	Run sudo apt-get update -y	2026-01-23T02:35:43.1665939Z Unpacking libgdk-pixbuf-2.0-dev:amd64 (2.42.10+dfsg-3ubuntu3.2) ...
Linux Build	Run sudo apt-get update -y	2026-01-23T02:35:43.1899452Z Selecting previously unselected package libgraphite2-dev:amd64.
Linux Build	Run sudo apt-get update -y	2026-01-23T02:35:43.2021796Z Preparing to unpack .../088-libgraphite2-dev_1.3.14-2build1_amd64.deb ...
Linux Build	Run sudo apt-get update -y	2026-01-23T02:35:43.2030404Z Unpacking libgraphite2-dev:amd64 (1.3.14-2build1) ...
Linux Build	Run sudo apt-get update -y	2026-01-23T02:35:43.2254360Z Selecting previously unselected package libharfbuzz-icu0:amd64.
Linux Build	Run sudo apt-get update -y	2026-01-23T02:35:43.2378186Z Preparing to unpack .../089-libharfbuzz-icu0_8.3.0-2build2_amd64.deb ...
Linux Build	Run sudo apt-get update -y	2026-01-23T02:35:43.2388798Z Unpacking libharfbuzz-icu0:amd64 (8.3.0-2build2) ...
Linux Build	Run sudo apt-get update -y	2026-01-23T02:35:43.2604824Z Selecting previously unselected package libharfbuzz-subset0:amd64.
Linux Build	Run sudo apt-get update -y	2026-01-23T02:35:43.2727603Z Preparing to unpack .../090-libharfbuzz-subset0_8.3.0-2build2_amd64.deb ...
Linux Build	Run sudo apt-get update -y	2026-01-23T02:35:43.2735940Z Unpacking libharfbuzz-subset0:amd64 (8.3.0-2build2) ...
Linux Build	Run sudo apt-get update -y	2026-01-23T02:35:43.3010423Z Selecting previously unselected package libharfbuzz-cairo0:amd64.
Linux Build	Run sudo apt-get update -y	2026-01-23T02:35:43.3133423Z Preparing to unpack .../091-libharfbuzz-cairo0_8.3.0-2build2_amd64.deb ...
Linux Build	Run sudo apt-get update -y	2026-01-23T02:35:43.3144682Z Unpacking libharfbuzz-cairo0:amd64 (8.3.0-2build2) ...
Linux Build	Run sudo apt-get update -y	2026-01-23T02:35:43.3348248Z Selecting previously unselected package libharfbuzz-dev:amd64.
Linux Build	Run sudo apt-get update -y	2026-01-23T02:35:43.3471875Z Preparing to unpack .../092-libharfbuzz-dev_8.3.0-2build2_amd64.deb ...
Linux Build	Run sudo apt-get update -y	2026-01-23T02:35:43.3481901Z Unpacking libharfbuzz-dev:amd64 (8.3.0-2build2) ...
Linux Build	Run sudo apt-get update -y	2026-01-23T02:35:43.3840624Z Selecting previously unselected package libthai-dev:amd64.
Linux Build	Run sudo apt-get update -y	2026-01-23T02:35:43.3964824Z Preparing to unpack .../093-libthai-dev_0.1.29-2build1_amd64.deb ...
Linux Build	Run sudo apt-get update -y	2026-01-23T02:35:43.3974458Z Unpacking libthai-dev:amd64 (0.1.29-2build1) ...
Linux Build	Run sudo apt-get update -y	2026-01-23T02:35:43.4210363Z Selecting previously unselected package libxft-dev:amd64.
Linux Build	Run sudo apt-get update -y	2026-01-23T02:35:43.4334356Z Preparing to unpack .../094-libxft-dev_2.3.6-1build1_amd64.deb ...
Linux Build	Run sudo apt-get update -y	2026-01-23T02:35:43.4342308Z Unpacking libxft-dev:amd64 (2.3.6-1build1) ...
Linux Build	Run sudo apt-get update -y	2026-01-23T02:35:43.4626694Z Selecting previously unselected package pango1.0-tools.
Linux Build	Run sudo apt-get update -y	2026-01-23T02:35:43.4750495Z Preparing to unpack .../095-pango1.0-tools_1.52.1+ds-1build1_amd64.deb ...
Linux Build	Run sudo apt-get update -y	2026-01-23T02:35:43.4759343Z Unpacking pango1.0-tools (1.52.1+ds-1build1) ...
Linux Build	Run sudo apt-get update -y	2026-01-23T02:35:43.4970675Z Selecting previously unselected package libpango1.0-dev:amd64.
Linux Build	Run sudo apt-get update -y	2026-01-23T02:35:43.5094184Z Preparing to unpack .../096-libpango1.0-dev_1.52.1+ds-1build1_amd64.deb ...
Linux Build	Run sudo apt-get update -y	2026-01-23T02:35:43.5103655Z Unpacking libpango1.0-dev:amd64 (1.52.1+ds-1build1) ...
Linux Build	Run sudo apt-get update -y	2026-01-23T02:35:43.5423273Z Selecting previously unselected package libwayland-bin.
Linux Build	Run sudo apt-get update -y	2026-01-23T02:35:43.5547819Z Preparing to unpack .../097-libwayland-bin_1.22.0-2.1build1_amd64.deb ...
Linux Build	Run sudo apt-get update -y	2026-01-23T02:35:43.5556104Z Unpacking libwayland-bin (1.22.0-2.1build1) ...
Linux Build	Run sudo apt-get update -y	2026-01-23T02:35:43.5779535Z Selecting previously unselected package libwayland-dev:amd64.
Linux Build	Run sudo apt-get update -y	2026-01-23T02:35:43.5903307Z Preparing to unpack .../098-libwayland-dev_1.22.0-2.1build1_amd64.deb ...
Linux Build	Run sudo apt-get update -y	2026-01-23T02:35:43.5912686Z Unpacking libwayland-dev:amd64 (1.22.0-2.1build1) ...
Linux Build	Run sudo apt-get update -y	2026-01-23T02:35:43.6158152Z Selecting previously unselected package libxcomposite-dev:amd64.
Linux Build	Run sudo apt-get update -y	2026-01-23T02:35:43.6280489Z Preparing to unpack .../099-libxcomposite-dev_1%3a0.4.5-1build3_amd64.deb ...
Linux Build	Run sudo apt-get update -y	2026-01-23T02:35:43.6289070Z Unpacking libxcomposite-dev:amd64 (1:0.4.5-1build3) ...
Linux Build	Run sudo apt-get update -y	2026-01-23T02:35:43.6500242Z Selecting previously unselected package libxcursor-dev:amd64.
Linux Build	Run sudo apt-get update -y	2026-01-23T02:35:43.6622701Z Preparing to unpack .../100-libxcursor-dev_1%3a1.2.1-1build1_amd64.deb ...
Linux Build	Run sudo apt-get update -y	2026-01-23T02:35:43.6633096Z Unpacking libxcursor-dev:amd64 (1:1.2.1-1build1) ...
Linux Build	Run sudo apt-get update -y	2026-01-23T02:35:43.6902575Z Selecting previously unselected package libxdamage-dev:amd64.
Linux Build	Run sudo apt-get update -y	2026-01-23T02:35:43.7031264Z Preparing to unpack .../101-libxdamage-dev_1%3a1.1.6-1build1_amd64.deb ...
Linux Build	Run sudo apt-get update -y	2026-01-23T02:35:43.7041100Z Unpacking libxdamage-dev:amd64 (1:1.1.6-1build1) ...
Linux Build	Run sudo apt-get update -y	2026-01-23T02:35:43.7249886Z Selecting previously unselected package libxinerama-dev:amd64.
Linux Build	Run sudo apt-get update -y	2026-01-23T02:35:43.7377624Z Preparing to unpack .../102-libxinerama-dev_2%3a1.1.4-3build1_amd64.deb ...
Linux Build	Run sudo apt-get update -y	2026-01-23T02:35:43.7388533Z Unpacking libxinerama-dev:amd64 (2:1.1.4-3build1) ...
Linux Build	Run sudo apt-get update -y	2026-01-23T02:35:43.7626017Z Selecting previously unselected package libxkbcommon-dev:amd64.
Linux Build	Run sudo apt-get update -y	2026-01-23T02:35:43.7752667Z Preparing to unpack .../103-libxkbcommon-dev_1.6.0-1build1_amd64.deb ...
Linux Build	Run sudo apt-get update -y	2026-01-23T02:35:43.7762485Z Unpacking libxkbcommon-dev:amd64 (1.6.0-1build1) ...
Linux Build	Run sudo apt-get update -y	2026-01-23T02:35:43.7995975Z Selecting previously unselected package libxrandr-dev:amd64.
Linux Build	Run sudo apt-get update -y	2026-01-23T02:35:43.8124475Z Preparing to unpack .../104-libxrandr-dev_2%3a1.5.2-2build1_amd64.deb ...
Linux Build	Run sudo apt-get update -y	2026-01-23T02:35:43.8135679Z Unpacking libxrandr-dev:amd64 (2:1.5.2-2build1) ...
Linux Build	Run sudo apt-get update -y	2026-01-23T02:35:43.8360147Z Selecting previously unselected package wayland-protocols.
Linux Build	Run sudo apt-get update -y	2026-01-23T02:35:43.8487580Z Preparing to unpack .../105-wayland-protocols_1.38-1~ubuntu0.24.04.1_all.deb ...
Linux Build	Run sudo apt-get update -y	2026-01-23T02:35:43.8496362Z Unpacking wayland-protocols (1.38-1~ubuntu0.24.04.1) ...
Linux Build	Run sudo apt-get update -y	2026-01-23T02:35:43.8860558Z Selecting previously unselected package libgtk-3-dev:amd64.
Linux Build	Run sudo apt-get update -y	2026-01-23T02:35:43.8986874Z Preparing to unpack .../106-libgtk-3-dev_3.24.41-4ubuntu1.3_amd64.deb ...
Linux Build	Run sudo apt-get update -y	2026-01-23T02:35:43.8999477Z Unpacking libgtk-3-dev:amd64 (3.24.41-4ubuntu1.3) ...
Linux Build	Run sudo apt-get update -y	2026-01-23T02:35:44.0365751Z Selecting previously unselected package libpng-tools.
Linux Build	Run sudo apt-get update -y	2026-01-23T02:35:44.0493557Z Preparing to unpack .../107-libpng-tools_1.6.43-5ubuntu0.3_amd64.deb ...
Linux Build	Run sudo apt-get update -y	2026-01-23T02:35:44.0502152Z Unpacking libpng-tools (1.6.43-5ubuntu0.3) ...
Linux Build	Run sudo apt-get update -y	2026-01-23T02:35:44.0708848Z Selecting previously unselected package ninja-build.
Linux Build	Run sudo apt-get update -y	2026-01-23T02:35:44.0834576Z Preparing to unpack .../108-ninja-build_1.11.1-2_amd64.deb ...
Linux Build	Run sudo apt-get update -y	2026-01-23T02:35:44.0844088Z Unpacking ninja-build (1.11.1-2) ...
Linux Build	Run sudo apt-get update -y	2026-01-23T02:35:44.1586809Z Setting up libcairo-script-interpreter2:amd64 (1.18.0-3build1) ...
Linux Build	Run sudo apt-get update -y	2026-01-23T02:35:44.1611665Z Setting up bzip2-doc (1.0.8-5.1build0.1) ...
Linux Build	Run sudo apt-get update -y	2026-01-23T02:35:44.1633899Z Setting up libjpeg-turbo8-dev:amd64 (2.1.5-2ubuntu2) ...
Linux Build	Run sudo apt-get update -y	2026-01-23T02:35:44.1654550Z Setting up libharfbuzz-icu0:amd64 (8.3.0-2build2) ...
Linux Build	Run sudo apt-get update -y	2026-01-23T02:35:44.1676882Z Setting up libpixman-1-dev:amd64 (0.42.2-1build1) ...
Linux Build	Run sudo apt-get update -y	2026-01-23T02:35:44.1702045Z Setting up bsdextrautils (2.39.3-9ubuntu6.4) ...
Linux Build	Run sudo apt-get update -y	2026-01-23T02:35:44.1724967Z Setting up libglvnd-core-dev:amd64 (1.7.0-1build1) ...
Linux Build	Run sudo apt-get update -y	2026-01-23T02:35:44.1761289Z Setting up libfribidi-dev:amd64 (1.0.13-3build1) ...
Linux Build	Run sudo apt-get update -y	2026-01-23T02:35:44.1784454Z Setting up libxkbcommon-dev:amd64 (1.6.0-1build1) ...
Linux Build	Run sudo apt-get update -y	2026-01-23T02:35:44.1808952Z Setting up libjbig-dev:amd64 (2.1-6.1ubuntu2) ...
Linux Build	Run sudo apt-get update -y	2026-01-23T02:35:44.1832955Z Setting up libwebpdecoder3:amd64 (1.3.2-0.4build3) ...
Linux Build	Run sudo apt-get update -y	2026-01-23T02:35:44.1857008Z Setting up libpthread-stubs0-dev:amd64 (0.4-1build3) ...
Linux Build	Run sudo apt-get update -y	2026-01-23T02:35:44.1881504Z Setting up libopengl0:amd64 (1.7.0-1build1) ...
Linux Build	Run sudo apt-get update -y	2026-01-23T02:35:44.1909044Z Setting up ninja-build (1.11.1-2) ...
Linux Build	Run sudo apt-get update -y	2026-01-23T02:35:44.1934088Z Setting up eject (2.39.3-9ubuntu6.4) ...
Linux Build	Run sudo apt-get update -y	2026-01-23T02:35:44.1960054Z Setting up xtrans-dev (1.4.0-1) ...
Linux Build	Run sudo apt-get update -y	2026-01-23T02:35:44.1984297Z Setting up libwayland-bin (1.22.0-2.1build1) ...
Linux Build	Run sudo apt-get update -y	2026-01-23T02:35:44.2009427Z Setting up libgraphite2-dev:amd64 (1.3.14-2build1) ...
Linux Build	Run sudo apt-get update -y	2026-01-23T02:35:44.2035148Z Setting up libglib2.0-0t64:amd64 (2.80.0-6ubuntu3.7) ...
Linux Build	Run sudo apt-get update -y	2026-01-23T02:35:44.2265651Z Setting up libegl-mesa0:amd64 (25.0.7-0ubuntu0.24.04.2) ...
Linux Build	Run sudo apt-get update -y	2026-01-23T02:35:44.2290697Z Setting up libglib2.0-data (2.80.0-6ubuntu3.7) ...
Linux Build	Run sudo apt-get update -y	2026-01-23T02:35:44.2317667Z Setting up libgles2:amd64 (1.7.0-1build1) ...
Linux Build	Run sudo apt-get update -y	2026-01-23T02:35:44.2339825Z Setting up libharfbuzz-cairo0:amd64 (8.3.0-2build2) ...
Linux Build	Run sudo apt-get update -y	2026-01-23T02:35:44.2361876Z Setting up libdbus-1-dev:amd64 (1.14.10-4ubuntu4.1) ...
Linux Build	Run sudo apt-get update -y	2026-01-23T02:35:44.4491232Z Setting up uuid-dev:amd64 (2.39.3-9ubuntu6.4) ...
Linux Build	Run sudo apt-get update -y	2026-01-23T02:35:44.4514960Z Setting up libgles1:amd64 (1.7.0-1build1) ...
Linux Build	Run sudo apt-get update -y	2026-01-23T02:35:44.4540838Z Setting up libpng16-16t64:amd64 (1.6.43-5ubuntu0.3) ...
Linux Build	Run sudo apt-get update -y	2026-01-23T02:35:44.4568849Z Setting up libsepol-dev:amd64 (3.5-2build1) ...
Linux Build	Run sudo apt-get update -y	2026-01-23T02:35:44.4591850Z Setting up gir1.2-glib-2.0:amd64 (2.80.0-6ubuntu3.7) ...
Linux Build	Run sudo apt-get update -y	2026-01-23T02:35:44.4617317Z Setting up liblerc-dev:amd64 (4.0.0+ds-4ubuntu2) ...
Linux Build	Run sudo apt-get update -y	2026-01-23T02:35:44.4685330Z Setting up libfdisk1:amd64 (2.39.3-9ubuntu6.4) ...
Linux Build	Run sudo apt-get update -y	2026-01-23T02:35:44.4711613Z Setting up liblzma-dev:amd64 (5.6.1+really5.4.5-1ubuntu0.2) ...
Linux Build	Run sudo apt-get update -y	2026-01-23T02:35:44.4734032Z Setting up wayland-protocols (1.38-1~ubuntu0.24.04.1) ...
Linux Build	Run sudo apt-get update -y	2026-01-23T02:35:44.4758073Z Setting up mount (2.39.3-9ubuntu6.4) ...
Linux Build	Run sudo apt-get update -y	2026-01-23T02:35:44.4783339Z Setting up libdatrie-dev:amd64 (0.2.13-3build1) ...
Linux Build	Run sudo apt-get update -y	2026-01-23T02:35:44.4807317Z Setting up gir1.2-glib-2.0-dev:amd64 (2.80.0-6ubuntu3.7) ...
Linux Build	Run sudo apt-get update -y	2026-01-23T02:35:44.4831480Z Setting up uuid-runtime (2.39.3-9ubuntu6.4) ...
Linux Build	Run sudo apt-get update -y	2026-01-23T02:35:45.2652556Z uuidd.service is a disabled or a static unit not running, not starting it.
Linux Build	Run sudo apt-get update -y	2026-01-23T02:35:45.2812353Z Setting up libgdk-pixbuf2.0-bin (2.42.10+dfsg-3ubuntu3.2) ...
Linux Build	Run sudo apt-get update -y	2026-01-23T02:35:45.2834415Z Setting up libegl1:amd64 (1.7.0-1build1) ...
Linux Build	Run sudo apt-get update -y	2026-01-23T02:35:45.2858987Z Setting up libharfbuzz-subset0:amd64 (8.3.0-2build2) ...
Linux Build	Run sudo apt-get update -y	2026-01-23T02:35:45.2881260Z Setting up xorg-sgml-doctools (1:1.11-1.1) ...
Linux Build	Run sudo apt-get update -y	2026-01-23T02:35:45.2904574Z Setting up libopengl-dev:amd64 (1.7.0-1build1) ...
Linux Build	Run sudo apt-get update -y	2026-01-23T02:35:45.2928624Z Setting up libjpeg8-dev:amd64 (8c-2ubuntu11) ...
Linux Build	Run sudo apt-get update -y	2026-01-23T02:35:45.2952654Z Setting up libsharpyuv-dev:amd64 (1.3.2-0.4build3) ...
Linux Build	Run sudo apt-get update -y	2026-01-23T02:35:45.2977274Z Setting up libtiffxx6:amd64 (4.5.1+git230720-4ubuntu2.4) ...
Linux Build	Run sudo apt-get update -y	2026-01-23T02:35:45.3004696Z Setting up libdeflate-dev:amd64 (1.19-1build1.1) ...
Linux Build	Run sudo apt-get update -y	2026-01-23T02:35:45.3032304Z Setting up libbrotli-dev:amd64 (1.1.0-2build2) ...
Linux Build	Run sudo apt-get update -y	2026-01-23T02:35:45.3055095Z Setting up libbz2-dev:amd64 (1.0.8-5.1build0.1) ...
Linux Build	Run sudo apt-get update -y	2026-01-23T02:35:45.3078480Z Setting up libglib2.0-dev-bin (2.80.0-6ubuntu3.7) ...
Linux Build	Run sudo apt-get update -y	2026-01-23T02:35:45.5068179Z Setting up libblkid-dev:amd64 (2.39.3-9ubuntu6.4) ...
Linux Build	Run sudo apt-get update -y	2026-01-23T02:35:45.5089819Z Setting up gir1.2-freedesktop:amd64 (1.80.1-1) ...
Linux Build	Run sudo apt-get update -y	2026-01-23T02:35:45.5113969Z Setting up libpangoxft-1.0-0:amd64 (1.52.1+ds-1build1) ...
Linux Build	Run sudo apt-get update -y	2026-01-23T02:35:45.5137131Z Setting up gir1.2-gdkpixbuf-2.0:amd64 (2.42.10+dfsg-3ubuntu3.2) ...
Linux Build	Run sudo apt-get update -y	2026-01-23T02:35:45.5157951Z Setting up libpng-tools (1.6.43-5ubuntu0.3) ...
Linux Build	Run sudo apt-get update -y	2026-01-23T02:35:45.5180435Z Setting up libgirepository-2.0-0:amd64 (2.80.0-6ubuntu3.7) ...
Linux Build	Run sudo apt-get update -y	2026-01-23T02:35:45.5202460Z Setting up gir1.2-atk-1.0:amd64 (2.52.0-1build1) ...
Linux Build	Run sudo apt-get update -y	2026-01-23T02:35:45.5227279Z Setting up libselinux1-dev:amd64 (3.5-2ubuntu2.1) ...
Linux Build	Run sudo apt-get update -y	2026-01-23T02:35:45.5250393Z Setting up libpng-dev:amd64 (1.6.43-5ubuntu0.3) ...
Linux Build	Run sudo apt-get update -y	2026-01-23T02:35:45.5272388Z Setting up pango1.0-tools (1.52.1+ds-1build1) ...
Linux Build	Run sudo apt-get update -y	2026-01-23T02:35:45.5292933Z Setting up libjpeg-dev:amd64 (8c-2ubuntu11) ...
Linux Build	Run sudo apt-get update -y	2026-01-23T02:35:45.5319698Z Setting up libglib2.0-bin (2.80.0-6ubuntu3.7) ...
Linux Build	Run sudo apt-get update -y	2026-01-23T02:35:45.5343685Z Setting up libharfbuzz-gobject0:amd64 (8.3.0-2build2) ...
Linux Build	Run sudo apt-get update -y	2026-01-23T02:35:45.5368865Z Setting up gir1.2-atspi-2.0:amd64 (2.52.0-1build1) ...
Linux Build	Run sudo apt-get update -y	2026-01-23T02:35:45.5389989Z Setting up libwayland-dev:amd64 (1.22.0-2.1build1) ...
Linux Build	Run sudo apt-get update -y	2026-01-23T02:35:45.5411527Z Setting up gir1.2-harfbuzz-0.0:amd64 (8.3.0-2build2) ...
Linux Build	Run sudo apt-get update -y	2026-01-23T02:35:45.5434187Z Setting up fdisk (2.39.3-9ubuntu6.4) ...
Linux Build	Run sudo apt-get update -y	2026-01-23T02:35:45.5455945Z Setting up libfreetype-dev:amd64 (2.13.2+dfsg-1build3) ...
Linux Build	Run sudo apt-get update -y	2026-01-23T02:35:45.5481986Z Setting up gir1.2-pango-1.0:amd64 (1.52.1+ds-1build1) ...
Linux Build	Run sudo apt-get update -y	2026-01-23T02:35:45.5505031Z Setting up libwebp-dev:amd64 (1.3.2-0.4build3) ...
Linux Build	Run sudo apt-get update -y	2026-01-23T02:35:45.5527538Z Setting up libtiff-dev:amd64 (4.5.1+git230720-4ubuntu2.4) ...
Linux Build	Run sudo apt-get update -y	2026-01-23T02:35:45.5556892Z Setting up gir1.2-freedesktop-dev:amd64 (1.80.1-1) ...
Linux Build	Run sudo apt-get update -y	2026-01-23T02:35:45.5581620Z Setting up libthai-dev:amd64 (0.1.29-2build1) ...
Linux Build	Run sudo apt-get update -y	2026-01-23T02:35:45.5604733Z Setting up libmount-dev:amd64 (2.39.3-9ubuntu6.4) ...
Linux Build	Run sudo apt-get update -y	2026-01-23T02:35:45.5628623Z Setting up libfontconfig-dev:amd64 (2.15.0-1.1ubuntu2) ...
Linux Build	Run sudo apt-get update -y	2026-01-23T02:35:45.5649256Z Setting up gir1.2-gtk-3.0:amd64 (3.24.41-4ubuntu1.3) ...
Linux Build	Run sudo apt-get update -y	2026-01-23T02:35:45.5669984Z Setting up libglib2.0-dev:amd64 (2.80.0-6ubuntu3.7) ...
Linux Build	Run sudo apt-get update -y	2026-01-23T02:35:45.5694843Z Setting up libatk1.0-dev:amd64 (2.52.0-1build1) ...
Linux Build	Run sudo apt-get update -y	2026-01-23T02:35:45.5718697Z Setting up libgdk-pixbuf-2.0-dev:amd64 (2.42.10+dfsg-3ubuntu3.2) ...
Linux Build	Run sudo apt-get update -y	2026-01-23T02:35:45.5743926Z Setting up libharfbuzz-dev:amd64 (8.3.0-2build2) ...
Linux Build	Run sudo apt-get update -y	2026-01-23T02:35:45.6090038Z Processing triggers for libc-bin (2.39-0ubuntu8.6) ...
Linux Build	Run sudo apt-get update -y	2026-01-23T02:35:45.6438902Z Processing triggers for man-db (2.12.0-4build2) ...
Linux Build	Run sudo apt-get update -y	2026-01-23T02:35:45.6461385Z Not building database; man-db/auto-update is not 'true'.
Linux Build	Run sudo apt-get update -y	2026-01-23T02:35:45.6492559Z Processing triggers for sgml-base (1.31) ...
Linux Build	Run sudo apt-get update -y	2026-01-23T02:35:45.6951433Z Processing triggers for install-info (7.1-3build2) ...
Linux Build	Run sudo apt-get update -y	2026-01-23T02:35:45.9071235Z Setting up x11proto-dev (2023.2-1) ...
Linux Build	Run sudo apt-get update -y	2026-01-23T02:35:45.9227520Z Setting up libxau-dev:amd64 (1:1.0.9-1build6) ...
Linux Build	Run sudo apt-get update -y	2026-01-23T02:35:45.9269835Z Setting up libice-dev:amd64 (2:1.0.10-1build3) ...
Linux Build	Run sudo apt-get update -y	2026-01-23T02:35:45.9301763Z Setting up libsm-dev:amd64 (2:1.2.3-1build3) ...
Linux Build	Run sudo apt-get update -y	2026-01-23T02:35:45.9348313Z Setting up libxdmcp-dev:amd64 (1:1.1.3-0ubuntu6) ...
Linux Build	Run sudo apt-get update -y	2026-01-23T02:35:45.9427250Z Setting up libxcb1-dev:amd64 (1.15-1ubuntu2) ...
Linux Build	Run sudo apt-get update -y	2026-01-23T02:35:45.9463099Z Setting up libx11-dev:amd64 (2:1.8.7-1build1) ...
Linux Build	Run sudo apt-get update -y	2026-01-23T02:35:45.9497006Z Setting up libxfixes-dev:amd64 (1:6.0.0-2build1) ...
Linux Build	Run sudo apt-get update -y	2026-01-23T02:35:45.9519195Z Setting up libxcb-shm0-dev:amd64 (1.15-1ubuntu2) ...
Linux Build	Run sudo apt-get update -y	2026-01-23T02:35:45.9557256Z Setting up libxcb-render0-dev:amd64 (1.15-1ubuntu2) ...
Linux Build	Run sudo apt-get update -y	2026-01-23T02:35:45.9583363Z Setting up libxext-dev:amd64 (2:1.3.4-1build2) ...
Linux Build	Run sudo apt-get update -y	2026-01-23T02:35:45.9608913Z Setting up libglx-dev:amd64 (1.7.0-1build1) ...
Linux Build	Run sudo apt-get update -y	2026-01-23T02:35:45.9643549Z Setting up libxi-dev:amd64 (2:1.8.1-1build1) ...
Linux Build	Run sudo apt-get update -y	2026-01-23T02:35:45.9668114Z Setting up libxrender-dev:amd64 (1:0.9.10-1.1build1) ...
Linux Build	Run sudo apt-get update -y	2026-01-23T02:35:45.9694630Z Setting up libgl-dev:amd64 (1.7.0-1build1) ...
Linux Build	Run sudo apt-get update -y	2026-01-23T02:35:45.9718015Z Setting up libxft-dev:amd64 (2.3.6-1build1) ...
Linux Build	Run sudo apt-get update -y	2026-01-23T02:35:45.9741813Z Setting up libxtst-dev:amd64 (2:1.2.3-1.1build1) ...
Linux Build	Run sudo apt-get update -y	2026-01-23T02:35:45.9775244Z Setting up libxdamage-dev:amd64 (1:1.1.6-1build1) ...
Linux Build	Run sudo apt-get update -y	2026-01-23T02:35:45.9803913Z Setting up libatspi2.0-dev:amd64 (2.52.0-1build1) ...
Linux Build	Run sudo apt-get update -y	2026-01-23T02:35:45.9841074Z Setting up libegl-dev:amd64 (1.7.0-1build1) ...
Linux Build	Run sudo apt-get update -y	2026-01-23T02:35:45.9867439Z Setting up libxcomposite-dev:amd64 (1:0.4.5-1build3) ...
Linux Build	Run sudo apt-get update -y	2026-01-23T02:35:45.9894294Z Setting up libxcursor-dev:amd64 (1:1.2.1-1build1) ...
Linux Build	Run sudo apt-get update -y	2026-01-23T02:35:45.9924357Z Setting up libepoxy-dev:amd64 (1.5.10-1build1) ...
Linux Build	Run sudo apt-get update -y	2026-01-23T02:35:45.9955021Z Setting up libatk-bridge2.0-dev:amd64 (2.52.0-1build1) ...
Linux Build	Run sudo apt-get update -y	2026-01-23T02:35:45.9977582Z Setting up libxrandr-dev:amd64 (2:1.5.2-2build1) ...
Linux Build	Run sudo apt-get update -y	2026-01-23T02:35:46.0006923Z Setting up libxinerama-dev:amd64 (2:1.1.4-3build1) ...
Linux Build	Run sudo apt-get update -y	2026-01-23T02:35:46.0040499Z Setting up libcairo2-dev:amd64 (1.18.0-3build1) ...
Linux Build	Run sudo apt-get update -y	2026-01-23T02:35:46.0067345Z Setting up libgles-dev:amd64 (1.7.0-1build1) ...
Linux Build	Run sudo apt-get update -y	2026-01-23T02:35:46.0109785Z Setting up libglvnd-dev:amd64 (1.7.0-1build1) ...
Linux Build	Run sudo apt-get update -y	2026-01-23T02:35:46.0141154Z Setting up libpango1.0-dev:amd64 (1.52.1+ds-1build1) ...
Linux Build	Run sudo apt-get update -y	2026-01-23T02:35:46.0170193Z Setting up libegl1-mesa-dev:amd64 (25.0.7-0ubuntu0.24.04.2) ...
Linux Build	Run sudo apt-get update -y	2026-01-23T02:35:46.0205978Z Setting up libgtk-3-dev:amd64 (3.24.41-4ubuntu1.3) ...
Linux Build	Run sudo apt-get update -y	2026-01-23T02:35:46.5942618Z 
Linux Build	Run sudo apt-get update -y	2026-01-23T02:35:46.5943162Z Running kernel seems to be up-to-date.
Linux Build	Run sudo apt-get update -y	2026-01-23T02:35:46.5943540Z 
Linux Build	Run sudo apt-get update -y	2026-01-23T02:35:46.5943672Z Restarting services...
Linux Build	Run sudo apt-get update -y	2026-01-23T02:35:46.6706443Z  /etc/needrestart/restart.d/systemd-manager
Linux Build	Run sudo apt-get update -y	2026-01-23T02:35:46.9987006Z  systemctl restart packagekit.service php8.3-fpm.service polkit.service rsyslog.service systemd-journald.service systemd-networkd.service systemd-resolved.service systemd-udevd.service udisks2.service
Linux Build	Run sudo apt-get update -y	2026-01-23T02:35:47.2152323Z 
Linux Build	Run sudo apt-get update -y	2026-01-23T02:35:47.2153235Z Service restarts being deferred:
Linux Build	Run sudo apt-get update -y	2026-01-23T02:35:47.2155280Z  systemctl restart ModemManager.service
Linux Build	Run sudo apt-get update -y	2026-01-23T02:35:47.2156098Z  systemctl restart getty@tty1.service
Linux Build	Run sudo apt-get update -y	2026-01-23T02:35:47.2156873Z  systemctl restart networkd-dispatcher.service
Linux Build	Run sudo apt-get update -y	2026-01-23T02:35:47.2157407Z  systemctl restart serial-getty@ttyS0.service
Linux Build	Run sudo apt-get update -y	2026-01-23T02:35:47.2157896Z  systemctl restart systemd-logind.service
Linux Build	Run sudo apt-get update -y	2026-01-23T02:35:47.2158207Z 
Linux Build	Run sudo apt-get update -y	2026-01-23T02:35:47.2158347Z No containers need to be restarted.
Linux Build	Run sudo apt-get update -y	2026-01-23T02:35:47.2158631Z 
Linux Build	Run sudo apt-get update -y	2026-01-23T02:35:47.2158780Z User sessions running outdated binaries:
Linux Build	Run sudo apt-get update -y	2026-01-23T02:35:47.2159251Z  runner @ user manager service: systemd[1005]
Linux Build	Run sudo apt-get update -y	2026-01-23T02:35:47.2253513Z 
Linux Build	Run sudo apt-get update -y	2026-01-23T02:35:47.2257283Z No VM guests are running outdated hypervisor (qemu) binaries on this host.
Linux Build	Run sudo apt-get update -y	2026-01-23T02:35:51.9831563Z Resolving dependencies...
Linux Build	Run sudo apt-get update -y	2026-01-23T02:35:52.5751394Z Downloading packages...
Linux Build	Run sudo apt-get update -y	2026-01-23T02:35:56.6151294Z   characters 1.4.0 (1.4.1 available)
Linux Build	Run sudo apt-get update -y	2026-01-23T02:35:56.6152187Z   file_picker 8.3.7 (10.3.8 available)
Linux Build	Run sudo apt-get update -y	2026-01-23T02:35:56.6152666Z   flutter_web_auth_2 5.0.0 (5.0.1 available)
Linux Build	Run sudo apt-get update -y	2026-01-23T02:35:56.6153153Z   google_fonts 6.3.3 (7.1.0 available)
Linux Build	Run sudo apt-get update -y	2026-01-23T02:35:56.6153596Z   intl 0.19.0 (0.20.2 available)
Linux Build	Run sudo apt-get update -y	2026-01-23T02:35:56.6154224Z   matcher 0.12.17 (0.12.18 available)
Linux Build	Run sudo apt-get update -y	2026-01-23T02:35:56.6154708Z   material_color_utilities 0.11.1 (0.13.0 available)
Linux Build	Run sudo apt-get update -y	2026-01-23T02:35:56.6155146Z   meta 1.17.0 (1.18.0 available)
Linux Build	Run sudo apt-get update -y	2026-01-23T02:35:56.6155421Z   package_info_plus 8.3.1 (9.0.0 available)
Linux Build	Run sudo apt-get update -y	2026-01-23T02:35:56.6155724Z   test_api 0.7.7 (0.7.9 available)
Linux Build	Run sudo apt-get update -y	2026-01-23T02:35:56.6156030Z   vector_graphics_compiler 1.1.19 (1.1.20 available)
Linux Build	Run sudo apt-get update -y	2026-01-23T02:35:56.6156380Z Got dependencies!
Linux Build	Run sudo apt-get update -y	2026-01-23T02:35:56.6157468Z 11 packages have newer versions incompatible with dependency constraints.
Linux Build	Run sudo apt-get update -y	2026-01-23T02:35:56.6158205Z Try `flutter pub outdated` for more information.
Linux Build	Run sudo apt-get update -y	2026-01-23T02:36:02.8636040Z Building Linux application...                                   
Linux Build	Run sudo apt-get update -y	2026-01-23T02:36:02.8645584Z CMake Error at /usr/local/share/cmake-3.31/Modules/FindPkgConfig.cmake:645 (message):
Linux Build	Run sudo apt-get update -y	2026-01-23T02:36:02.8646458Z   The following required packages were not found:
Linux Build	Run sudo apt-get update -y	2026-01-23T02:36:02.8646858Z 
Linux Build	Run sudo apt-get update -y	2026-01-23T02:36:02.8647639Z    - webkit2gtk-4.1
Linux Build	Run sudo apt-get update -y	2026-01-23T02:36:02.8648081Z 
Linux Build	Run sudo apt-get update -y	2026-01-23T02:36:02.8648953Z Call Stack (most recent call first):
Linux Build	Run sudo apt-get update -y	2026-01-23T02:36:02.8650001Z   /usr/local/share/cmake-3.31/Modules/FindPkgConfig.cmake:873 (_pkg_check_modules_internal)
Linux Build	Run sudo apt-get update -y	2026-01-23T02:36:02.8651425Z   flutter/ephemeral/.plugin_symlinks/desktop_webview_window/linux/CMakeLists.txt:10 (pkg_check_modules)
Linux Build	Run sudo apt-get update -y	2026-01-23T02:36:02.8652185Z 
Linux Build	Run sudo apt-get update -y	2026-01-23T02:36:02.8652194Z 
Linux Build	Run sudo apt-get update -y	2026-01-23T02:36:02.8797129Z Unable to generate build files
Linux Build	Run sudo apt-get update -y	2026-01-23T02:36:02.8866832Z ##[error]Process completed with exit code 1.
Linux Build	Post Run subosito/flutter-action@v2	ï»¿2026-01-23T02:36:02.9022585Z Post job cleanup.
Linux Build	Post Run actions/checkout@v4	ï»¿2026-01-23T02:36:02.9083594Z Post job cleanup.
Linux Build	Post Run actions/checkout@v4	2026-01-23T02:36:03.0031075Z [command]/usr/bin/git version
Linux Build	Post Run actions/checkout@v4	2026-01-23T02:36:03.0069696Z git version 2.52.0
Linux Build	Post Run actions/checkout@v4	2026-01-23T02:36:03.0116363Z Temporarily overriding HOME='/home/runner/work/_temp/b79f6174-4741-4412-a0a6-20260ade66d8' before making global git config changes
Linux Build	Post Run actions/checkout@v4	2026-01-23T02:36:03.0117775Z Adding repository directory to the temporary git global config as a safe directory
Linux Build	Post Run actions/checkout@v4	2026-01-23T02:36:03.0123042Z [command]/usr/bin/git config --global --add safe.directory /home/runner/work/note_app/note_app
Linux Build	Post Run actions/checkout@v4	2026-01-23T02:36:03.0161600Z [command]/usr/bin/git config --local --name-only --get-regexp core\.sshCommand
Linux Build	Post Run actions/checkout@v4	2026-01-23T02:36:03.0195437Z [command]/usr/bin/git submodule foreach --recursive sh -c "git config --local --name-only --get-regexp 'core\.sshCommand' && git config --local --unset-all 'core.sshCommand' || :"
Linux Build	Post Run actions/checkout@v4	2026-01-23T02:36:03.0430507Z [command]/usr/bin/git config --local --name-only --get-regexp http\.https\:\/\/github\.com\/\.extraheader
Linux Build	Post Run actions/checkout@v4	2026-01-23T02:36:03.0452900Z http.https://github.com/.extraheader
Linux Build	Post Run actions/checkout@v4	2026-01-23T02:36:03.0466011Z [command]/usr/bin/git config --local --unset-all http.https://github.com/.extraheader
Linux Build	Post Run actions/checkout@v4	2026-01-23T02:36:03.0497499Z [command]/usr/bin/git submodule foreach --recursive sh -c "git config --local --name-only --get-regexp 'http\.https\:\/\/github\.com\/\.extraheader' && git config --local --unset-all 'http.https://github.com/.extraheader' || :"
Linux Build	Post Run actions/checkout@v4	2026-01-23T02:36:03.0723478Z [command]/usr/bin/git config --local --name-only --get-regexp ^includeIf\.gitdir:
Linux Build	Post Run actions/checkout@v4	2026-01-23T02:36:03.0755698Z [command]/usr/bin/git submodule foreach --recursive git config --local --show-origin --name-only --get-regexp remote.origin.url
Linux Build	Complete job	ï»¿2026-01-23T02:36:03.1096700Z Cleaning up orphan processes
